[2024-03-18T12:08:43.603+0000][0.024s] Using G1
[2024-03-18T12:08:43.702+0000][0.123s] Version: 17.0.10+7 (release)
[2024-03-18T12:08:43.703+0000][0.124s] CPUs: 8 total, 8 available
[2024-03-18T12:08:43.703+0000][0.125s] Memory: 7874M
[2024-03-18T12:08:43.704+0000][0.126s] Large Page Support: Disabled
[2024-03-18T12:08:43.704+0000][0.126s] NUMA Support: Disabled
[2024-03-18T12:08:43.704+0000][0.126s] Compressed Oops: Enabled (32-bit)
[2024-03-18T12:08:43.704+0000][0.126s] Heap Region Size: 1M
[2024-03-18T12:08:43.704+0000][0.126s] Heap Min Capacity: 512M
[2024-03-18T12:08:43.704+0000][0.126s] Heap Initial Capacity: 512M
[2024-03-18T12:08:43.705+0000][0.127s] Heap Max Capacity: 512M
[2024-03-18T12:08:43.705+0000][0.127s] Pre-touch: Enabled
[2024-03-18T12:08:43.706+0000][0.128s] Parallel Workers: 8
[2024-03-18T12:08:43.708+0000][0.130s] Concurrent Workers: 2
[2024-03-18T12:08:43.708+0000][0.130s] Concurrent Refinement Workers: 8
[2024-03-18T12:08:43.708+0000][0.130s] Periodic GC: Disabled
[2024-03-18T12:08:43.715+0000][0.137s] CDS archive(s) mapped at: [0x00007fdfcb000000-0x00007fdfcba5f000-0x00007fdfcba5f000), size 10874880, SharedBaseAddress: 0x00007fdfcb000000, ArchiveRelocationMode: 1.
[2024-03-18T12:08:43.717+0000][0.139s] Compressed class space mapped at: 0x00007fdfcc000000-0x00007fe00c000000, reserved size: 1073741824
[2024-03-18T12:08:43.718+0000][0.140s] Narrow klass base: 0x00007fdfcb000000, Narrow klass shift: 0, Narrow klass range: 0x100000000
[2024-03-18T12:08:46.646+0000][3.068s] GC(0) Pause Young (Normal) (G1 Evacuation Pause)
[2024-03-18T12:08:46.649+0000][3.071s] GC(0) Using 8 workers of 8 for evacuation
[2024-03-18T12:08:46.690+0000][3.112s] GC(0)   Pre Evacuate Collection Set: 0.1ms
[2024-03-18T12:08:46.691+0000][3.113s] GC(0)   Merge Heap Roots: 0.1ms
[2024-03-18T12:08:46.691+0000][3.113s] GC(0)   Evacuate Collection Set: 39.7ms
[2024-03-18T12:08:46.691+0000][3.113s] GC(0)   Post Evacuate Collection Set: 0.8ms
[2024-03-18T12:08:46.697+0000][3.119s] GC(0)   Other: 3.7ms
[2024-03-18T12:08:46.707+0000][3.129s] GC(0) Eden regions: 29->0(56)
[2024-03-18T12:08:46.711+0000][3.133s] GC(0) Survivor regions: 0->4(4)
[2024-03-18T12:08:46.713+0000][3.135s] GC(0) Old regions: 0->1
[2024-03-18T12:08:46.713+0000][3.135s] GC(0) Archive regions: 2->2
[2024-03-18T12:08:46.714+0000][3.136s] GC(0) Humongous regions: 4->4
[2024-03-18T12:08:46.714+0000][3.136s] GC(0) Metaspace: 10111K(10368K)->10111K(10368K) NonClass: 8843K(8960K)->8843K(8960K) Class: 1267K(1408K)->1267K(1408K)
[2024-03-18T12:08:46.714+0000][3.136s] GC(0) Pause Young (Normal) (G1 Evacuation Pause) 33M->9M(512M) 68.128ms
[2024-03-18T12:08:46.714+0000][3.136s] GC(0) User=0.03s Sys=0.00s Real=0.07s
[2024-03-18T12:08:49.353+0000][5.775s] GC(1) Pause Young (Normal) (G1 Evacuation Pause)
[2024-03-18T12:08:49.353+0000][5.775s] GC(1) Using 8 workers of 8 for evacuation
[2024-03-18T12:08:49.368+0000][5.790s] GC(1)   Pre Evacuate Collection Set: 0.1ms
[2024-03-18T12:08:49.373+0000][5.795s] GC(1)   Merge Heap Roots: 0.1ms
[2024-03-18T12:08:49.374+0000][5.796s] GC(1)   Evacuate Collection Set: 13.7ms
[2024-03-18T12:08:49.374+0000][5.796s] GC(1)   Post Evacuate Collection Set: 0.9ms
[2024-03-18T12:08:49.374+0000][5.796s] GC(1)   Other: 0.5ms
[2024-03-18T12:08:49.374+0000][5.796s] GC(1) Eden regions: 53->0(63)
[2024-03-18T12:08:49.374+0000][5.796s] GC(1) Survivor regions: 4->8(8)
[2024-03-18T12:08:49.374+0000][5.796s] GC(1) Old regions: 1->9
[2024-03-18T12:08:49.374+0000][5.796s] GC(1) Archive regions: 2->2
[2024-03-18T12:08:49.374+0000][5.796s] GC(1) Humongous regions: 4->4
[2024-03-18T12:08:49.374+0000][5.796s] GC(1) Metaspace: 17863K(18112K)->17863K(18112K) NonClass: 15648K(15808K)->15648K(15808K) Class: 2215K(2304K)->2215K(2304K)
[2024-03-18T12:08:49.374+0000][5.796s] GC(1) Pause Young (Normal) (G1 Evacuation Pause) 62M->21M(512M) 21.689ms
[2024-03-18T12:08:49.375+0000][5.797s] GC(1) User=0.02s Sys=0.00s Real=0.03s
[2024-03-18T12:08:50.830+0000][7.252s] GC(2) Pause Young (Concurrent Start) (Metadata GC Threshold)
[2024-03-18T12:08:50.830+0000][7.252s] GC(2) Using 8 workers of 8 for evacuation
[2024-03-18T12:08:50.856+0000][7.278s] GC(2)   Pre Evacuate Collection Set: 0.1ms
[2024-03-18T12:08:50.861+0000][7.283s] GC(2)   Merge Heap Roots: 0.1ms
[2024-03-18T12:08:50.862+0000][7.284s] GC(2)   Evacuate Collection Set: 22.9ms
[2024-03-18T12:08:50.862+0000][7.284s] GC(2)   Post Evacuate Collection Set: 2.5ms
[2024-03-18T12:08:50.863+0000][7.285s] GC(2)   Other: 0.7ms
[2024-03-18T12:08:50.864+0000][7.286s] GC(2) Eden regions: 32->0(74)
[2024-03-18T12:08:50.865+0000][7.287s] GC(2) Survivor regions: 8->3(9)
[2024-03-18T12:08:50.868+0000][7.290s] GC(2) Old regions: 9->17
[2024-03-18T12:08:50.869+0000][7.291s] GC(2) Archive regions: 2->2
[2024-03-18T12:08:50.869+0000][7.291s] GC(2) Humongous regions: 4->4
[2024-03-18T12:08:50.869+0000][7.291s] GC(2) Metaspace: 21147K(21504K)->21147K(21504K) NonClass: 18530K(18688K)->18530K(18688K) Class: 2617K(2816K)->2617K(2816K)
[2024-03-18T12:08:50.870+0000][7.292s] GC(2) Pause Young (Concurrent Start) (Metadata GC Threshold) 53M->23M(512M) 39.637ms
[2024-03-18T12:08:50.870+0000][7.292s] GC(2) User=0.02s Sys=0.00s Real=0.04s
[2024-03-18T12:08:50.872+0000][7.294s] GC(3) Concurrent Mark Cycle
[2024-03-18T12:08:50.872+0000][7.294s] GC(3) Concurrent Clear Claimed Marks
[2024-03-18T12:08:50.872+0000][7.294s] GC(3) Concurrent Clear Claimed Marks 0.274ms
[2024-03-18T12:08:50.872+0000][7.294s] GC(3) Concurrent Scan Root Regions
[2024-03-18T12:08:50.879+0000][7.301s] GC(3) Concurrent Scan Root Regions 6.353ms
[2024-03-18T12:08:50.884+0000][7.306s] GC(3) Concurrent Mark
[2024-03-18T12:08:50.884+0000][7.306s] GC(3) Concurrent Mark From Roots
[2024-03-18T12:08:50.884+0000][7.306s] GC(3) Using 2 workers of 2 for marking
[2024-03-18T12:08:50.903+0000][7.325s] GC(3) Concurrent Mark From Roots 19.065ms
[2024-03-18T12:08:50.908+0000][7.330s] GC(3) Concurrent Preclean
[2024-03-18T12:08:50.913+0000][7.335s] GC(3) Concurrent Preclean 4.966ms
[2024-03-18T12:08:50.928+0000][7.350s] GC(3) Pause Remark
[2024-03-18T12:08:50.934+0000][7.356s] GC(3) Pause Remark 25M->25M(512M) 5.711ms
[2024-03-18T12:08:50.935+0000][7.357s] GC(3) User=0.00s Sys=0.00s Real=0.01s
[2024-03-18T12:08:50.936+0000][7.358s] GC(3) Concurrent Mark 52.490ms
[2024-03-18T12:08:50.937+0000][7.359s] GC(3) Concurrent Rebuild Remembered Sets
[2024-03-18T12:08:50.954+0000][7.376s] GC(3) Concurrent Rebuild Remembered Sets 16.923ms
[2024-03-18T12:08:50.956+0000][7.378s] GC(3) Pause Cleanup
[2024-03-18T12:08:50.962+0000][7.384s] GC(3) Pause Cleanup 25M->25M(512M) 5.708ms
[2024-03-18T12:08:50.963+0000][7.385s] GC(3) User=0.00s Sys=0.00s Real=0.00s
[2024-03-18T12:08:50.964+0000][7.386s] GC(3) Concurrent Cleanup for Next Mark
[2024-03-18T12:08:50.967+0000][7.389s] GC(3) Concurrent Cleanup for Next Mark 3.050ms
[2024-03-18T12:08:50.967+0000][7.389s] GC(3) Concurrent Mark Cycle 95.557ms
[2024-03-18T12:08:56.521+0000][12.943s] GC(4) Pause Young (Normal) (G1 Evacuation Pause)
[2024-03-18T12:08:56.522+0000][12.944s] GC(4) Using 8 workers of 8 for evacuation
[2024-03-18T12:08:56.544+0000][12.966s] GC(4)   Pre Evacuate Collection Set: 0.1ms
[2024-03-18T12:08:56.546+0000][12.968s] GC(4)   Merge Heap Roots: 0.1ms
[2024-03-18T12:08:56.553+0000][12.975s] GC(4)   Evacuate Collection Set: 16.8ms
[2024-03-18T12:08:56.557+0000][12.980s] GC(4)   Post Evacuate Collection Set: 3.8ms
[2024-03-18T12:08:56.558+0000][12.980s] GC(4)   Other: 2.2ms
[2024-03-18T12:08:56.561+0000][12.983s] GC(4) Eden regions: 77->0(299)
[2024-03-18T12:08:56.561+0000][12.983s] GC(4) Survivor regions: 3->8(10)
[2024-03-18T12:08:56.561+0000][12.983s] GC(4) Old regions: 17->17
[2024-03-18T12:08:56.562+0000][12.984s] GC(4) Archive regions: 2->2
[2024-03-18T12:08:56.562+0000][12.984s] GC(4) Humongous regions: 4->4
[2024-03-18T12:08:56.562+0000][12.984s] GC(4) Metaspace: 34406K(34752K)->34406K(34752K) NonClass: 30090K(30272K)->30090K(30272K) Class: 4315K(4480K)->4315K(4480K)
[2024-03-18T12:08:56.562+0000][12.984s] GC(4) Pause Young (Normal) (G1 Evacuation Pause) 100M->28M(512M) 41.415ms
[2024-03-18T12:08:56.562+0000][12.984s] GC(4) User=0.03s Sys=0.00s Real=0.04s
[2024-03-18T12:08:57.348+0000][13.770s] GC(5) Pause Young (Concurrent Start) (Metadata GC Threshold)
[2024-03-18T12:08:57.349+0000][13.771s] GC(5) Using 8 workers of 8 for evacuation
[2024-03-18T12:08:57.397+0000][13.819s] GC(5)   Pre Evacuate Collection Set: 0.2ms
[2024-03-18T12:08:57.403+0000][13.825s] GC(5)   Merge Heap Roots: 0.1ms
[2024-03-18T12:08:57.403+0000][13.825s] GC(5)   Evacuate Collection Set: 46.8ms
[2024-03-18T12:08:57.404+0000][13.826s] GC(5)   Post Evacuate Collection Set: 0.8ms
[2024-03-18T12:08:57.407+0000][13.829s] GC(5)   Other: 0.7ms
[2024-03-18T12:08:57.407+0000][13.830s] GC(5) Eden regions: 11->0(298)
[2024-03-18T12:08:57.408+0000][13.830s] GC(5) Survivor regions: 8->9(39)
[2024-03-18T12:08:57.408+0000][13.830s] GC(5) Old regions: 17->17
[2024-03-18T12:08:57.408+0000][13.830s] GC(5) Archive regions: 2->2
[2024-03-18T12:08:57.409+0000][13.831s] GC(5) Humongous regions: 4->4
[2024-03-18T12:08:57.409+0000][13.831s] GC(5) Metaspace: 35760K(36160K)->35760K(36160K) NonClass: 31263K(31424K)->31263K(31424K) Class: 4497K(4736K)->4497K(4736K)
[2024-03-18T12:08:57.410+0000][13.832s] GC(5) Pause Young (Concurrent Start) (Metadata GC Threshold) 39M->29M(512M) 61.135ms
[2024-03-18T12:08:57.410+0000][13.832s] GC(5) User=0.03s Sys=0.00s Real=0.06s
[2024-03-18T12:08:57.410+0000][13.832s] GC(6) Concurrent Mark Cycle
[2024-03-18T12:08:57.410+0000][13.832s] GC(6) Concurrent Clear Claimed Marks
[2024-03-18T12:08:57.410+0000][13.832s] GC(6) Concurrent Clear Claimed Marks 0.343ms
[2024-03-18T12:08:57.410+0000][13.833s] GC(6) Concurrent Scan Root Regions
[2024-03-18T12:08:57.417+0000][13.839s] GC(6) Concurrent Scan Root Regions 6.085ms
[2024-03-18T12:08:57.417+0000][13.839s] GC(6) Concurrent Mark
[2024-03-18T12:08:57.417+0000][13.839s] GC(6) Concurrent Mark From Roots
[2024-03-18T12:08:57.417+0000][13.839s] GC(6) Using 2 workers of 2 for marking
[2024-03-18T12:08:57.511+0000][13.933s] GC(6) Concurrent Mark From Roots 93.714ms
[2024-03-18T12:08:57.514+0000][13.936s] GC(6) Concurrent Preclean
[2024-03-18T12:08:57.514+0000][13.936s] GC(6) Concurrent Preclean 0.292ms
[2024-03-18T12:08:57.538+0000][13.960s] GC(6) Pause Remark
[2024-03-18T12:08:57.550+0000][13.972s] GC(6) Pause Remark 30M->30M(512M) 12.463ms
[2024-03-18T12:08:57.551+0000][13.973s] GC(6) User=0.02s Sys=0.00s Real=0.01s
[2024-03-18T12:08:57.552+0000][13.974s] GC(6) Concurrent Mark 135.108ms
[2024-03-18T12:08:57.553+0000][13.975s] GC(6) Concurrent Rebuild Remembered Sets
[2024-03-18T12:08:57.564+0000][13.986s] GC(6) Concurrent Rebuild Remembered Sets 11.388ms
[2024-03-18T12:08:57.565+0000][13.987s] GC(6) Pause Cleanup
[2024-03-18T12:08:57.567+0000][13.990s] GC(6) Pause Cleanup 31M->31M(512M) 1.847ms
[2024-03-18T12:08:57.568+0000][13.990s] GC(6) User=0.01s Sys=0.00s Real=0.00s
[2024-03-18T12:08:57.568+0000][13.990s] GC(6) Concurrent Cleanup for Next Mark
[2024-03-18T12:08:57.571+0000][13.993s] GC(6) Concurrent Cleanup for Next Mark 3.107ms
[2024-03-18T12:08:57.572+0000][13.994s] GC(6) Concurrent Mark Cycle 161.704ms
[2024-03-18T12:10:16.404+0000][92.827s] Heap
[2024-03-18T12:10:16.404+0000][92.827s]  garbage-first heap   total 524288K, used 234321K [0x00000000e0000000, 0x0000000100000000)
[2024-03-18T12:10:16.404+0000][92.827s]   region size 1024K, 208 young (212992K), 9 survivors (9216K)
[2024-03-18T12:10:16.404+0000][92.827s]  Metaspace       used 54434K, committed 54912K, reserved 1114112K
[2024-03-18T12:10:16.404+0000][92.827s]   class space    used 7034K, committed 7232K, reserved 1048576K
