[2024-03-18T11:11:07.649+0000][0.007s] Using G1
[2024-03-18T11:11:07.768+0000][0.126s] Version: 17.0.10+7 (release)
[2024-03-18T11:11:07.768+0000][0.126s] CPUs: 8 total, 8 available
[2024-03-18T11:11:07.768+0000][0.126s] Memory: 7874M
[2024-03-18T11:11:07.768+0000][0.126s] Large Page Support: Disabled
[2024-03-18T11:11:07.768+0000][0.126s] NUMA Support: Disabled
[2024-03-18T11:11:07.768+0000][0.126s] Compressed Oops: Enabled (32-bit)
[2024-03-18T11:11:07.769+0000][0.127s] Heap Region Size: 1M
[2024-03-18T11:11:07.769+0000][0.127s] Heap Min Capacity: 512M
[2024-03-18T11:11:07.769+0000][0.127s] Heap Initial Capacity: 512M
[2024-03-18T11:11:07.769+0000][0.127s] Heap Max Capacity: 512M
[2024-03-18T11:11:07.769+0000][0.127s] Pre-touch: Enabled
[2024-03-18T11:11:07.769+0000][0.127s] Parallel Workers: 8
[2024-03-18T11:11:07.769+0000][0.127s] Concurrent Workers: 2
[2024-03-18T11:11:07.769+0000][0.127s] Concurrent Refinement Workers: 8
[2024-03-18T11:11:07.769+0000][0.127s] Periodic GC: Disabled
[2024-03-18T11:11:07.775+0000][0.133s] CDS archive(s) mapped at: [0x00007f190b000000-0x00007f190ba5f000-0x00007f190ba5f000), size 10874880, SharedBaseAddress: 0x00007f190b000000, ArchiveRelocationMode: 1.
[2024-03-18T11:11:07.776+0000][0.134s] Compressed class space mapped at: 0x00007f190c000000-0x00007f194c000000, reserved size: 1073741824
[2024-03-18T11:11:07.776+0000][0.134s] Narrow klass base: 0x00007f190b000000, Narrow klass shift: 0, Narrow klass range: 0x100000000
[2024-03-18T11:11:08.420+0000][0.778s] GC(0) Pause Young (Normal) (G1 Evacuation Pause)
[2024-03-18T11:11:08.420+0000][0.778s] GC(0) Using 8 workers of 8 for evacuation
[2024-03-18T11:11:08.424+0000][0.782s] GC(0)   Pre Evacuate Collection Set: 0.1ms
[2024-03-18T11:11:08.424+0000][0.782s] GC(0)   Merge Heap Roots: 0.1ms
[2024-03-18T11:11:08.424+0000][0.782s] GC(0)   Evacuate Collection Set: 3.4ms
[2024-03-18T11:11:08.425+0000][0.783s] GC(0)   Post Evacuate Collection Set: 0.5ms
[2024-03-18T11:11:08.425+0000][0.783s] GC(0)   Other: 0.4ms
[2024-03-18T11:11:08.425+0000][0.783s] GC(0) Eden regions: 29->0(57)
[2024-03-18T11:11:08.425+0000][0.783s] GC(0) Survivor regions: 0->4(4)
[2024-03-18T11:11:08.425+0000][0.783s] GC(0) Old regions: 0->1
[2024-03-18T11:11:08.425+0000][0.783s] GC(0) Archive regions: 2->2
[2024-03-18T11:11:08.425+0000][0.783s] GC(0) Humongous regions: 0->0
[2024-03-18T11:11:08.425+0000][0.783s] GC(0) Metaspace: 9983K(10304K)->9983K(10304K) NonClass: 8731K(8896K)->8731K(8896K) Class: 1252K(1408K)->1252K(1408K)
[2024-03-18T11:11:08.425+0000][0.783s] GC(0) Pause Young (Normal) (G1 Evacuation Pause) 29M->5M(512M) 5.659ms
[2024-03-18T11:11:08.426+0000][0.783s] GC(0) User=0.01s Sys=0.01s Real=0.00s
[2024-03-18T11:11:08.927+0000][1.285s] GC(1) Pause Young (Normal) (G1 Evacuation Pause)
[2024-03-18T11:11:08.927+0000][1.285s] GC(1) Using 8 workers of 8 for evacuation
[2024-03-18T11:11:08.935+0000][1.293s] GC(1)   Pre Evacuate Collection Set: 0.1ms
[2024-03-18T11:11:08.935+0000][1.293s] GC(1)   Merge Heap Roots: 0.1ms
[2024-03-18T11:11:08.936+0000][1.294s] GC(1)   Evacuate Collection Set: 7.1ms
[2024-03-18T11:11:08.936+0000][1.294s] GC(1)   Post Evacuate Collection Set: 0.6ms
[2024-03-18T11:11:08.936+0000][1.294s] GC(1)   Other: 0.5ms
[2024-03-18T11:11:08.936+0000][1.294s] GC(1) Eden regions: 54->0(64)
[2024-03-18T11:11:08.936+0000][1.294s] GC(1) Survivor regions: 4->8(8)
[2024-03-18T11:11:08.936+0000][1.294s] GC(1) Old regions: 1->9
[2024-03-18T11:11:08.936+0000][1.294s] GC(1) Archive regions: 2->2
[2024-03-18T11:11:08.936+0000][1.294s] GC(1) Humongous regions: 4->4
[2024-03-18T11:11:08.936+0000][1.294s] GC(1) Metaspace: 17767K(17984K)->17767K(17984K) NonClass: 15559K(15680K)->15559K(15680K) Class: 2207K(2304K)->2207K(2304K)
[2024-03-18T11:11:08.936+0000][1.294s] GC(1) Pause Young (Normal) (G1 Evacuation Pause) 63M->21M(512M) 9.556ms
[2024-03-18T11:11:08.937+0000][1.294s] GC(1) User=0.04s Sys=0.01s Real=0.01s
[2024-03-18T11:11:09.161+0000][1.519s] GC(2) Pause Young (Concurrent Start) (Metadata GC Threshold)
[2024-03-18T11:11:09.161+0000][1.519s] GC(2) Using 8 workers of 8 for evacuation
[2024-03-18T11:11:09.166+0000][1.524s] GC(2)   Pre Evacuate Collection Set: 0.1ms
[2024-03-18T11:11:09.166+0000][1.524s] GC(2)   Merge Heap Roots: 0.1ms
[2024-03-18T11:11:09.166+0000][1.524s] GC(2)   Evacuate Collection Set: 3.3ms
[2024-03-18T11:11:09.166+0000][1.524s] GC(2)   Post Evacuate Collection Set: 0.7ms
[2024-03-18T11:11:09.166+0000][1.524s] GC(2)   Other: 0.4ms
[2024-03-18T11:11:09.166+0000][1.524s] GC(2) Eden regions: 32->0(73)
[2024-03-18T11:11:09.167+0000][1.525s] GC(2) Survivor regions: 8->2(9)
[2024-03-18T11:11:09.167+0000][1.525s] GC(2) Old regions: 9->17
[2024-03-18T11:11:09.167+0000][1.525s] GC(2) Archive regions: 2->2
[2024-03-18T11:11:09.167+0000][1.525s] GC(2) Humongous regions: 4->4
[2024-03-18T11:11:09.167+0000][1.525s] GC(2) Metaspace: 21178K(21504K)->21178K(21504K) NonClass: 18552K(18688K)->18552K(18688K) Class: 2625K(2816K)->2625K(2816K)
[2024-03-18T11:11:09.167+0000][1.525s] GC(2) Pause Young (Concurrent Start) (Metadata GC Threshold) 52M->23M(512M) 5.809ms
[2024-03-18T11:11:09.167+0000][1.525s] GC(2) User=0.02s Sys=0.00s Real=0.01s
[2024-03-18T11:11:09.167+0000][1.525s] GC(3) Concurrent Mark Cycle
[2024-03-18T11:11:09.168+0000][1.525s] GC(3) Concurrent Clear Claimed Marks
[2024-03-18T11:11:09.168+0000][1.526s] GC(3) Concurrent Clear Claimed Marks 0.127ms
[2024-03-18T11:11:09.168+0000][1.526s] GC(3) Concurrent Scan Root Regions
[2024-03-18T11:11:09.170+0000][1.528s] GC(3) Concurrent Scan Root Regions 1.846ms
[2024-03-18T11:11:09.170+0000][1.528s] GC(3) Concurrent Mark
[2024-03-18T11:11:09.170+0000][1.528s] GC(3) Concurrent Mark From Roots
[2024-03-18T11:11:09.170+0000][1.528s] GC(3) Using 2 workers of 2 for marking
[2024-03-18T11:11:09.178+0000][1.536s] GC(3) Concurrent Mark From Roots 7.947ms
[2024-03-18T11:11:09.178+0000][1.536s] GC(3) Concurrent Preclean
[2024-03-18T11:11:09.178+0000][1.536s] GC(3) Concurrent Preclean 0.144ms
[2024-03-18T11:11:09.179+0000][1.537s] GC(3) Pause Remark
[2024-03-18T11:11:09.180+0000][1.538s] GC(3) Pause Remark 25M->25M(512M) 1.769ms
[2024-03-18T11:11:09.180+0000][1.538s] GC(3) User=0.01s Sys=0.00s Real=0.00s
[2024-03-18T11:11:09.181+0000][1.539s] GC(3) Concurrent Mark 10.595ms
[2024-03-18T11:11:09.181+0000][1.539s] GC(3) Concurrent Rebuild Remembered Sets
[2024-03-18T11:11:09.181+0000][1.539s] GC(3) Concurrent Rebuild Remembered Sets 0.120ms
[2024-03-18T11:11:09.181+0000][1.539s] GC(3) Pause Cleanup
[2024-03-18T11:11:09.181+0000][1.539s] GC(3) Pause Cleanup 25M->25M(512M) 0.243ms
[2024-03-18T11:11:09.181+0000][1.539s] GC(3) User=0.00s Sys=0.00s Real=0.00s
[2024-03-18T11:11:09.182+0000][1.540s] GC(3) Concurrent Cleanup for Next Mark
[2024-03-18T11:11:09.183+0000][1.541s] GC(3) Concurrent Cleanup for Next Mark 0.970ms
[2024-03-18T11:11:09.183+0000][1.541s] GC(3) Concurrent Mark Cycle 15.430ms
[2024-03-18T11:11:10.049+0000][2.407s] GC(4) Pause Young (Normal) (G1 Evacuation Pause)
[2024-03-18T11:11:10.055+0000][2.413s] GC(4) Using 8 workers of 8 for evacuation
[2024-03-18T11:11:10.068+0000][2.426s] GC(4)   Pre Evacuate Collection Set: 0.1ms
[2024-03-18T11:11:10.069+0000][2.426s] GC(4)   Merge Heap Roots: 0.1ms
[2024-03-18T11:11:10.069+0000][2.427s] GC(4)   Evacuate Collection Set: 11.1ms
[2024-03-18T11:11:10.069+0000][2.427s] GC(4)   Post Evacuate Collection Set: 2.1ms
[2024-03-18T11:11:10.069+0000][2.427s] GC(4)   Other: 5.9ms
[2024-03-18T11:11:10.069+0000][2.427s] GC(4) Eden regions: 73->0(169)
[2024-03-18T11:11:10.069+0000][2.427s] GC(4) Survivor regions: 2->7(10)
[2024-03-18T11:11:10.069+0000][2.427s] GC(4) Old regions: 17->17
[2024-03-18T11:11:10.069+0000][2.427s] GC(4) Archive regions: 2->2
[2024-03-18T11:11:10.069+0000][2.427s] GC(4) Humongous regions: 4->4
[2024-03-18T11:11:10.069+0000][2.427s] GC(4) Metaspace: 34037K(34368K)->34037K(34368K) NonClass: 29757K(29952K)->29757K(29952K) Class: 4280K(4416K)->4280K(4416K)
[2024-03-18T11:11:10.069+0000][2.427s] GC(4) Pause Young (Normal) (G1 Evacuation Pause) 96M->28M(512M) 20.066ms
[2024-03-18T11:11:10.069+0000][2.427s] GC(4) User=0.02s Sys=0.00s Real=0.02s
[2024-03-18T11:11:10.248+0000][2.606s] GC(5) Pause Young (Concurrent Start) (Metadata GC Threshold)
[2024-03-18T11:11:10.249+0000][2.606s] GC(5) Using 8 workers of 8 for evacuation
[2024-03-18T11:11:10.259+0000][2.617s] GC(5)   Pre Evacuate Collection Set: 0.1ms
[2024-03-18T11:11:10.259+0000][2.617s] GC(5)   Merge Heap Roots: 0.1ms
[2024-03-18T11:11:10.260+0000][2.618s] GC(5)   Evacuate Collection Set: 9.4ms
[2024-03-18T11:11:10.260+0000][2.618s] GC(5)   Post Evacuate Collection Set: 0.8ms
[2024-03-18T11:11:10.260+0000][2.618s] GC(5)   Other: 0.6ms
[2024-03-18T11:11:10.260+0000][2.618s] GC(5) Eden regions: 16->0(253)
[2024-03-18T11:11:10.260+0000][2.618s] GC(5) Survivor regions: 7->8(22)
[2024-03-18T11:11:10.260+0000][2.618s] GC(5) Old regions: 17->17
[2024-03-18T11:11:10.260+0000][2.618s] GC(5) Archive regions: 2->2
[2024-03-18T11:11:10.260+0000][2.618s] GC(5) Humongous regions: 4->4
[2024-03-18T11:11:10.260+0000][2.618s] GC(5) Metaspace: 35720K(36096K)->35720K(36096K) NonClass: 31227K(31360K)->31227K(31360K) Class: 4493K(4736K)->4493K(4736K)
[2024-03-18T11:11:10.261+0000][2.618s] GC(5) Pause Young (Concurrent Start) (Metadata GC Threshold) 44M->29M(512M) 12.343ms
[2024-03-18T11:11:10.261+0000][2.619s] GC(5) User=0.02s Sys=0.00s Real=0.01s
[2024-03-18T11:11:10.261+0000][2.619s] GC(6) Concurrent Mark Cycle
[2024-03-18T11:11:10.261+0000][2.619s] GC(6) Concurrent Clear Claimed Marks
[2024-03-18T11:11:10.261+0000][2.619s] GC(6) Concurrent Clear Claimed Marks 0.096ms
[2024-03-18T11:11:10.261+0000][2.619s] GC(6) Concurrent Scan Root Regions
[2024-03-18T11:11:10.265+0000][2.623s] GC(6) Concurrent Scan Root Regions 4.303ms
[2024-03-18T11:11:10.266+0000][2.624s] GC(6) Concurrent Mark
[2024-03-18T11:11:10.266+0000][2.624s] GC(6) Concurrent Mark From Roots
[2024-03-18T11:11:10.266+0000][2.624s] GC(6) Using 2 workers of 2 for marking
[2024-03-18T11:11:10.282+0000][2.640s] GC(6) Concurrent Mark From Roots 16.181ms
[2024-03-18T11:11:10.282+0000][2.640s] GC(6) Concurrent Preclean
[2024-03-18T11:11:10.282+0000][2.640s] GC(6) Concurrent Preclean 0.166ms
[2024-03-18T11:11:10.283+0000][2.640s] GC(6) Pause Remark
[2024-03-18T11:11:10.292+0000][2.650s] GC(6) Pause Remark 31M->31M(512M) 9.239ms
[2024-03-18T11:11:10.292+0000][2.650s] GC(6) User=0.03s Sys=0.00s Real=0.01s
[2024-03-18T11:11:10.292+0000][2.650s] GC(6) Concurrent Mark 26.534ms
[2024-03-18T11:11:10.292+0000][2.650s] GC(6) Concurrent Rebuild Remembered Sets
[2024-03-18T11:11:10.299+0000][2.657s] GC(6) Concurrent Rebuild Remembered Sets 6.268ms
[2024-03-18T11:11:10.299+0000][2.657s] GC(6) Pause Cleanup
[2024-03-18T11:11:10.299+0000][2.657s] GC(6) Pause Cleanup 32M->32M(512M) 0.260ms
[2024-03-18T11:11:10.300+0000][2.658s] GC(6) User=0.01s Sys=0.00s Real=0.00s
[2024-03-18T11:11:10.300+0000][2.658s] GC(6) Concurrent Cleanup for Next Mark
[2024-03-18T11:11:10.301+0000][2.659s] GC(6) Concurrent Cleanup for Next Mark 1.003ms
[2024-03-18T11:11:10.301+0000][2.659s] GC(6) Concurrent Mark Cycle 40.606ms
[2024-03-18T11:15:56.103+0000][288.461s] Heap
[2024-03-18T11:15:56.103+0000][288.461s]  garbage-first heap   total 524288K, used 204606K [0x00000000e0000000, 0x0000000100000000)
[2024-03-18T11:15:56.103+0000][288.462s]   region size 1024K, 179 young (183296K), 8 survivors (8192K)
[2024-03-18T11:15:56.103+0000][288.462s]  Metaspace       used 52661K, committed 53120K, reserved 1114112K
[2024-03-18T11:15:56.103+0000][288.462s]   class space    used 6815K, committed 7040K, reserved 1048576K
