[2024-03-18T13:34:20.825+0000][0.072s] Using G1
[2024-03-18T13:34:21.080+0000][0.327s] Version: 17.0.10+7 (release)
[2024-03-18T13:34:21.081+0000][0.328s] CPUs: 8 total, 8 available
[2024-03-18T13:34:21.100+0000][0.346s] Memory: 7874M
[2024-03-18T13:34:21.100+0000][0.347s] Large Page Support: Disabled
[2024-03-18T13:34:21.100+0000][0.347s] NUMA Support: Disabled
[2024-03-18T13:34:21.100+0000][0.347s] Compressed Oops: Enabled (32-bit)
[2024-03-18T13:34:21.100+0000][0.347s] Heap Region Size: 1M
[2024-03-18T13:34:21.101+0000][0.347s] Heap Min Capacity: 512M
[2024-03-18T13:34:21.101+0000][0.347s] Heap Initial Capacity: 512M
[2024-03-18T13:34:21.101+0000][0.348s] Heap Max Capacity: 512M
[2024-03-18T13:34:21.102+0000][0.348s] Pre-touch: Enabled
[2024-03-18T13:34:21.102+0000][0.348s] Parallel Workers: 8
[2024-03-18T13:34:21.102+0000][0.348s] Concurrent Workers: 2
[2024-03-18T13:34:21.102+0000][0.349s] Concurrent Refinement Workers: 8
[2024-03-18T13:34:21.102+0000][0.349s] Periodic GC: Disabled
[2024-03-18T13:34:21.116+0000][0.363s] CDS archive(s) mapped at: [0x00007f4833000000-0x00007f4833a5f000-0x00007f4833a5f000), size 10874880, SharedBaseAddress: 0x00007f4833000000, ArchiveRelocationMode: 1.
[2024-03-18T13:34:21.118+0000][0.365s] Compressed class space mapped at: 0x00007f4834000000-0x00007f4874000000, reserved size: 1073741824
[2024-03-18T13:34:21.118+0000][0.365s] Narrow klass base: 0x00007f4833000000, Narrow klass shift: 0, Narrow klass range: 0x100000000
[2024-03-18T13:34:24.134+0000][3.381s] GC(0) Pause Young (Normal) (G1 Evacuation Pause)
[2024-03-18T13:34:24.134+0000][3.381s] GC(0) Using 8 workers of 8 for evacuation
[2024-03-18T13:34:24.152+0000][3.399s] GC(0)   Pre Evacuate Collection Set: 0.3ms
[2024-03-18T13:34:24.152+0000][3.399s] GC(0)   Merge Heap Roots: 0.1ms
[2024-03-18T13:34:24.152+0000][3.399s] GC(0)   Evacuate Collection Set: 15.6ms
[2024-03-18T13:34:24.152+0000][3.399s] GC(0)   Post Evacuate Collection Set: 1.4ms
[2024-03-18T13:34:24.152+0000][3.399s] GC(0)   Other: 0.7ms
[2024-03-18T13:34:24.153+0000][3.399s] GC(0) Eden regions: 29->0(57)
[2024-03-18T13:34:24.153+0000][3.399s] GC(0) Survivor regions: 0->4(4)
[2024-03-18T13:34:24.153+0000][3.399s] GC(0) Old regions: 0->1
[2024-03-18T13:34:24.153+0000][3.400s] GC(0) Archive regions: 2->2
[2024-03-18T13:34:24.153+0000][3.400s] GC(0) Humongous regions: 2->2
[2024-03-18T13:34:24.153+0000][3.400s] GC(0) Metaspace: 10058K(10304K)->10058K(10304K) NonClass: 8790K(8896K)->8790K(8896K) Class: 1267K(1408K)->1267K(1408K)
[2024-03-18T13:34:24.153+0000][3.400s] GC(0) Pause Young (Normal) (G1 Evacuation Pause) 31M->7M(512M) 19.162ms
[2024-03-18T13:34:24.153+0000][3.400s] GC(0) User=0.01s Sys=0.00s Real=0.02s
[2024-03-18T13:34:26.680+0000][5.927s] GC(1) Pause Young (Normal) (G1 Evacuation Pause)
[2024-03-18T13:34:26.691+0000][5.938s] GC(1) Using 8 workers of 8 for evacuation
[2024-03-18T13:34:26.751+0000][5.998s] GC(1)   Pre Evacuate Collection Set: 0.1ms
[2024-03-18T13:34:26.752+0000][5.999s] GC(1)   Merge Heap Roots: 0.1ms
[2024-03-18T13:34:26.752+0000][5.999s] GC(1)   Evacuate Collection Set: 40.9ms
[2024-03-18T13:34:26.752+0000][5.999s] GC(1)   Post Evacuate Collection Set: 1.0ms
[2024-03-18T13:34:26.752+0000][5.999s] GC(1)   Other: 29.5ms
[2024-03-18T13:34:26.752+0000][5.999s] GC(1) Eden regions: 51->0(59)
[2024-03-18T13:34:26.752+0000][5.999s] GC(1) Survivor regions: 4->7(7)
[2024-03-18T13:34:26.752+0000][5.999s] GC(1) Old regions: 1->10
[2024-03-18T13:34:26.752+0000][5.999s] GC(1) Archive regions: 2->2
[2024-03-18T13:34:26.752+0000][5.999s] GC(1) Humongous regions: 4->4
[2024-03-18T13:34:26.752+0000][5.999s] GC(1) Metaspace: 17730K(17984K)->17730K(17984K) NonClass: 15513K(15680K)->15513K(15680K) Class: 2216K(2304K)->2216K(2304K)
[2024-03-18T13:34:26.753+0000][5.999s] GC(1) Pause Young (Normal) (G1 Evacuation Pause) 60M->21M(512M) 72.799ms
[2024-03-18T13:34:26.753+0000][5.999s] GC(1) User=0.08s Sys=0.00s Real=0.08s
[2024-03-18T13:34:27.972+0000][7.219s] GC(2) Pause Young (Concurrent Start) (Metadata GC Threshold)
[2024-03-18T13:34:27.975+0000][7.222s] GC(2) Using 8 workers of 8 for evacuation
[2024-03-18T13:34:28.004+0000][7.251s] GC(2)   Pre Evacuate Collection Set: 0.4ms
[2024-03-18T13:34:28.004+0000][7.251s] GC(2)   Merge Heap Roots: 0.1ms
[2024-03-18T13:34:28.004+0000][7.251s] GC(2)   Evacuate Collection Set: 24.9ms
[2024-03-18T13:34:28.004+0000][7.251s] GC(2)   Post Evacuate Collection Set: 0.6ms
[2024-03-18T13:34:28.005+0000][7.251s] GC(2)   Other: 5.8ms
[2024-03-18T13:34:28.005+0000][7.251s] GC(2) Eden regions: 34->0(71)
[2024-03-18T13:34:28.005+0000][7.251s] GC(2) Survivor regions: 7->3(9)
[2024-03-18T13:34:28.005+0000][7.252s] GC(2) Old regions: 10->17
[2024-03-18T13:34:28.005+0000][7.252s] GC(2) Archive regions: 2->2
[2024-03-18T13:34:28.005+0000][7.252s] GC(2) Humongous regions: 4->4
[2024-03-18T13:34:28.005+0000][7.252s] GC(2) Metaspace: 21156K(21504K)->21156K(21504K) NonClass: 18527K(18688K)->18527K(18688K) Class: 2629K(2816K)->2629K(2816K)
[2024-03-18T13:34:28.005+0000][7.252s] GC(2) Pause Young (Concurrent Start) (Metadata GC Threshold) 54M->23M(512M) 33.028ms
[2024-03-18T13:34:28.007+0000][7.253s] GC(2) User=0.04s Sys=0.00s Real=0.03s
[2024-03-18T13:34:28.007+0000][7.254s] GC(3) Concurrent Mark Cycle
[2024-03-18T13:34:28.009+0000][7.256s] GC(3) Concurrent Clear Claimed Marks
[2024-03-18T13:34:28.009+0000][7.256s] GC(3) Concurrent Clear Claimed Marks 0.386ms
[2024-03-18T13:34:28.009+0000][7.256s] GC(3) Concurrent Scan Root Regions
[2024-03-18T13:34:28.025+0000][7.271s] GC(3) Concurrent Scan Root Regions 15.169ms
[2024-03-18T13:34:28.030+0000][7.277s] GC(3) Concurrent Mark
[2024-03-18T13:34:28.032+0000][7.279s] GC(3) Concurrent Mark From Roots
[2024-03-18T13:34:28.032+0000][7.279s] GC(3) Using 2 workers of 2 for marking
[2024-03-18T13:34:28.070+0000][7.317s] GC(3) Concurrent Mark From Roots 38.381ms
[2024-03-18T13:34:28.070+0000][7.317s] GC(3) Concurrent Preclean
[2024-03-18T13:34:28.071+0000][7.317s] GC(3) Concurrent Preclean 0.196ms
[2024-03-18T13:34:28.072+0000][7.319s] GC(3) Pause Remark
[2024-03-18T13:34:28.081+0000][7.328s] GC(3) Pause Remark 24M->24M(512M) 8.868ms
[2024-03-18T13:34:28.081+0000][7.328s] GC(3) User=0.01s Sys=0.00s Real=0.00s
[2024-03-18T13:34:28.082+0000][7.328s] GC(3) Concurrent Mark 51.278ms
[2024-03-18T13:34:28.082+0000][7.329s] GC(3) Concurrent Rebuild Remembered Sets
[2024-03-18T13:34:28.098+0000][7.345s] GC(3) Concurrent Rebuild Remembered Sets 16.635ms
[2024-03-18T13:34:28.114+0000][7.360s] GC(3) Pause Cleanup
[2024-03-18T13:34:28.118+0000][7.365s] GC(3) Pause Cleanup 24M->24M(512M) 4.263ms
[2024-03-18T13:34:28.123+0000][7.370s] GC(3) User=0.00s Sys=0.00s Real=0.01s
[2024-03-18T13:34:28.124+0000][7.371s] GC(3) Concurrent Cleanup for Next Mark
[2024-03-18T13:34:28.125+0000][7.372s] GC(3) Concurrent Cleanup for Next Mark 1.636ms
[2024-03-18T13:34:28.127+0000][7.374s] GC(3) Concurrent Mark Cycle 120.012ms
[2024-03-18T13:34:32.477+0000][11.724s] GC(4) Pause Young (Prepare Mixed) (G1 Evacuation Pause)
[2024-03-18T13:34:32.479+0000][11.726s] GC(4) Using 8 workers of 8 for evacuation
[2024-03-18T13:34:32.525+0000][11.772s] GC(4)   Pre Evacuate Collection Set: 0.1ms
[2024-03-18T13:34:32.525+0000][11.772s] GC(4)   Merge Heap Roots: 0.3ms
[2024-03-18T13:34:32.525+0000][11.772s] GC(4)   Evacuate Collection Set: 39.9ms
[2024-03-18T13:34:32.525+0000][11.772s] GC(4)   Post Evacuate Collection Set: 4.0ms
[2024-03-18T13:34:32.526+0000][11.772s] GC(4)   Other: 3.7ms
[2024-03-18T13:34:32.526+0000][11.772s] GC(4) Eden regions: 71->0(18)
[2024-03-18T13:34:32.526+0000][11.772s] GC(4) Survivor regions: 3->7(10)
[2024-03-18T13:34:32.526+0000][11.772s] GC(4) Old regions: 17->17
[2024-03-18T13:34:32.526+0000][11.772s] GC(4) Archive regions: 2->2
[2024-03-18T13:34:32.526+0000][11.773s] GC(4) Humongous regions: 4->4
[2024-03-18T13:34:32.526+0000][11.773s] GC(4) Metaspace: 32810K(33152K)->32810K(33152K) NonClass: 28711K(28928K)->28711K(28928K) Class: 4099K(4224K)->4099K(4224K)
[2024-03-18T13:34:32.526+0000][11.773s] GC(4) Pause Young (Prepare Mixed) (G1 Evacuation Pause) 94M->28M(512M) 49.102ms
[2024-03-18T13:34:32.526+0000][11.773s] GC(4) User=0.03s Sys=0.00s Real=0.05s
[2024-03-18T13:34:33.576+0000][12.823s] GC(5) Pause Young (Mixed) (G1 Evacuation Pause)
[2024-03-18T13:34:33.577+0000][12.823s] GC(5) Using 8 workers of 8 for evacuation
[2024-03-18T13:34:33.621+0000][12.868s] GC(5)   Pre Evacuate Collection Set: 0.1ms
[2024-03-18T13:34:33.630+0000][12.877s] GC(5)   Merge Heap Roots: 0.1ms
[2024-03-18T13:34:33.643+0000][12.890s] GC(5)   Evacuate Collection Set: 43.4ms
[2024-03-18T13:34:33.644+0000][12.890s] GC(5)   Post Evacuate Collection Set: 0.7ms
[2024-03-18T13:34:33.644+0000][12.891s] GC(5)   Other: 1.1ms
[2024-03-18T13:34:33.644+0000][12.891s] GC(5) Eden regions: 18->0(305)
[2024-03-18T13:34:33.644+0000][12.891s] GC(5) Survivor regions: 7->2(4)
[2024-03-18T13:34:33.644+0000][12.891s] GC(5) Old regions: 17->23
[2024-03-18T13:34:33.644+0000][12.891s] GC(5) Archive regions: 2->2
[2024-03-18T13:34:33.644+0000][12.891s] GC(5) Humongous regions: 4->4
[2024-03-18T13:34:33.644+0000][12.891s] GC(5) Metaspace: 35039K(35456K)->35039K(35456K) NonClass: 30626K(30848K)->30626K(30848K) Class: 4413K(4608K)->4413K(4608K)
[2024-03-18T13:34:33.644+0000][12.891s] GC(5) Pause Young (Mixed) (G1 Evacuation Pause) 46M->28M(512M) 68.414ms
[2024-03-18T13:34:33.645+0000][12.891s] GC(5) User=0.04s Sys=0.00s Real=0.07s
[2024-03-18T13:34:33.900+0000][13.147s] GC(6) Pause Young (Concurrent Start) (Metadata GC Threshold)
[2024-03-18T13:34:33.901+0000][13.147s] GC(6) Using 8 workers of 8 for evacuation
[2024-03-18T13:34:33.971+0000][13.217s] GC(6)   Pre Evacuate Collection Set: 0.1ms
[2024-03-18T13:34:33.973+0000][13.220s] GC(6)   Merge Heap Roots: 18.2ms
[2024-03-18T13:34:33.976+0000][13.222s] GC(6)   Evacuate Collection Set: 40.0ms
[2024-03-18T13:34:33.980+0000][13.227s] GC(6)   Post Evacuate Collection Set: 10.2ms
[2024-03-18T13:34:33.981+0000][13.227s] GC(6)   Other: 1.6ms
[2024-03-18T13:34:33.981+0000][13.227s] GC(6) Eden regions: 4->0(305)
[2024-03-18T13:34:33.982+0000][13.229s] GC(6) Survivor regions: 2->2(39)
[2024-03-18T13:34:33.990+0000][13.237s] GC(6) Old regions: 23->23
[2024-03-18T13:34:33.991+0000][13.238s] GC(6) Archive regions: 2->2
[2024-03-18T13:34:34.000+0000][13.247s] GC(6) Humongous regions: 4->4
[2024-03-18T13:34:34.010+0000][13.257s] GC(6) Metaspace: 35607K(35968K)->35607K(35968K) NonClass: 31127K(31296K)->31127K(31296K) Class: 4479K(4672K)->4479K(4672K)
[2024-03-18T13:34:34.011+0000][13.257s] GC(6) Pause Young (Concurrent Start) (Metadata GC Threshold) 32M->28M(512M) 110.386ms
[2024-03-18T13:34:34.011+0000][13.258s] GC(6) User=0.03s Sys=0.00s Real=0.11s
[2024-03-18T13:34:34.013+0000][13.259s] GC(7) Concurrent Mark Cycle
[2024-03-18T13:34:34.014+0000][13.260s] GC(7) Concurrent Clear Claimed Marks
[2024-03-18T13:34:34.018+0000][13.264s] GC(7) Concurrent Clear Claimed Marks 4.139ms
[2024-03-18T13:34:34.021+0000][13.267s] GC(7) Concurrent Scan Root Regions
[2024-03-18T13:34:34.023+0000][13.270s] GC(7) Concurrent Scan Root Regions 2.640ms
[2024-03-18T13:34:34.030+0000][13.277s] GC(7) Concurrent Mark
[2024-03-18T13:34:34.035+0000][13.282s] GC(7) Concurrent Mark From Roots
[2024-03-18T13:34:34.039+0000][13.286s] GC(7) Using 2 workers of 2 for marking
[2024-03-18T13:34:34.148+0000][13.395s] GC(7) Concurrent Mark From Roots 113.038ms
[2024-03-18T13:34:34.150+0000][13.397s] GC(7) Concurrent Preclean
[2024-03-18T13:34:34.153+0000][13.400s] GC(7) Concurrent Preclean 2.884ms
[2024-03-18T13:34:34.210+0000][13.457s] GC(7) Pause Remark
[2024-03-18T13:34:34.247+0000][13.493s] GC(7) Pause Remark 31M->31M(512M) 36.195ms
[2024-03-18T13:34:34.253+0000][13.500s] GC(7) User=0.02s Sys=0.00s Real=0.05s
[2024-03-18T13:34:34.258+0000][13.505s] GC(7) Concurrent Mark 227.740ms
[2024-03-18T13:34:34.260+0000][13.507s] GC(7) Concurrent Rebuild Remembered Sets
[2024-03-18T13:34:34.341+0000][13.587s] GC(7) Concurrent Rebuild Remembered Sets 80.354ms
[2024-03-18T13:34:34.360+0000][13.607s] GC(7) Pause Cleanup
[2024-03-18T13:34:34.363+0000][13.610s] GC(7) Pause Cleanup 33M->33M(512M) 2.878ms
[2024-03-18T13:34:34.366+0000][13.612s] GC(7) User=0.01s Sys=0.00s Real=0.00s
[2024-03-18T13:34:34.390+0000][13.637s] GC(7) Concurrent Cleanup for Next Mark
[2024-03-18T13:34:34.392+0000][13.639s] GC(7) Concurrent Cleanup for Next Mark 2.096ms
[2024-03-18T13:34:34.393+0000][13.640s] GC(7) Concurrent Mark Cycle 380.142ms
[2024-03-18T13:35:56.270+0000][95.517s] Heap
[2024-03-18T13:35:56.270+0000][95.517s]  garbage-first heap   total 524288K, used 212933K [0x00000000e0000000, 0x0000000100000000)
[2024-03-18T13:35:56.270+0000][95.517s]   region size 1024K, 182 young (186368K), 2 survivors (2048K)
[2024-03-18T13:35:56.271+0000][95.517s]  Metaspace       used 54117K, committed 54656K, reserved 1114112K
[2024-03-18T13:35:56.271+0000][95.517s]   class space    used 7026K, committed 7296K, reserved 1048576K
