[2024-03-18T11:18:16.507+0000][0.007s] Using G1
[2024-03-18T11:18:16.549+0000][0.049s] Version: 17.0.10+7 (release)
[2024-03-18T11:18:16.549+0000][0.049s] CPUs: 8 total, 8 available
[2024-03-18T11:18:16.549+0000][0.050s] Memory: 7874M
[2024-03-18T11:18:16.550+0000][0.050s] Large Page Support: Disabled
[2024-03-18T11:18:16.550+0000][0.050s] NUMA Support: Disabled
[2024-03-18T11:18:16.550+0000][0.050s] Compressed Oops: Enabled (32-bit)
[2024-03-18T11:18:16.550+0000][0.050s] Heap Region Size: 1M
[2024-03-18T11:18:16.550+0000][0.051s] Heap Min Capacity: 512M
[2024-03-18T11:18:16.550+0000][0.051s] Heap Initial Capacity: 512M
[2024-03-18T11:18:16.551+0000][0.051s] Heap Max Capacity: 512M
[2024-03-18T11:18:16.551+0000][0.051s] Pre-touch: Enabled
[2024-03-18T11:18:16.551+0000][0.051s] Parallel Workers: 8
[2024-03-18T11:18:16.551+0000][0.051s] Concurrent Workers: 2
[2024-03-18T11:18:16.551+0000][0.052s] Concurrent Refinement Workers: 8
[2024-03-18T11:18:16.551+0000][0.052s] Periodic GC: Disabled
[2024-03-18T11:18:16.556+0000][0.056s] CDS archive(s) mapped at: [0x00007fd56f000000-0x00007fd56fa5f000-0x00007fd56fa5f000), size 10874880, SharedBaseAddress: 0x00007fd56f000000, ArchiveRelocationMode: 1.
[2024-03-18T11:18:16.556+0000][0.056s] Compressed class space mapped at: 0x00007fd570000000-0x00007fd5b0000000, reserved size: 1073741824
[2024-03-18T11:18:16.556+0000][0.056s] Narrow klass base: 0x00007fd56f000000, Narrow klass shift: 0, Narrow klass range: 0x100000000
[2024-03-18T11:18:17.373+0000][0.874s] GC(0) Pause Young (Normal) (G1 Evacuation Pause)
[2024-03-18T11:18:17.374+0000][0.874s] GC(0) Using 8 workers of 8 for evacuation
[2024-03-18T11:18:17.378+0000][0.878s] GC(0)   Pre Evacuate Collection Set: 0.1ms
[2024-03-18T11:18:17.378+0000][0.878s] GC(0)   Merge Heap Roots: 0.1ms
[2024-03-18T11:18:17.378+0000][0.878s] GC(0)   Evacuate Collection Set: 2.8ms
[2024-03-18T11:18:17.378+0000][0.878s] GC(0)   Post Evacuate Collection Set: 0.8ms
[2024-03-18T11:18:17.378+0000][0.878s] GC(0)   Other: 0.5ms
[2024-03-18T11:18:17.378+0000][0.879s] GC(0) Eden regions: 29->0(58)
[2024-03-18T11:18:17.379+0000][0.879s] GC(0) Survivor regions: 0->4(4)
[2024-03-18T11:18:17.379+0000][0.879s] GC(0) Old regions: 0->1
[2024-03-18T11:18:17.379+0000][0.879s] GC(0) Archive regions: 2->2
[2024-03-18T11:18:17.379+0000][0.879s] GC(0) Humongous regions: 0->0
[2024-03-18T11:18:17.379+0000][0.879s] GC(0) Metaspace: 9906K(10176K)->9906K(10176K) NonClass: 8665K(8768K)->8665K(8768K) Class: 1240K(1408K)->1240K(1408K)
[2024-03-18T11:18:17.379+0000][0.879s] GC(0) Pause Young (Normal) (G1 Evacuation Pause) 29M->5M(512M) 5.790ms
[2024-03-18T11:18:17.379+0000][0.879s] GC(0) User=0.02s Sys=0.01s Real=0.01s
[2024-03-18T11:18:17.989+0000][1.489s] GC(1) Pause Young (Normal) (G1 Evacuation Pause)
[2024-03-18T11:18:17.991+0000][1.491s] GC(1) Using 8 workers of 8 for evacuation
[2024-03-18T11:18:17.998+0000][1.498s] GC(1)   Pre Evacuate Collection Set: 0.1ms
[2024-03-18T11:18:17.998+0000][1.498s] GC(1)   Merge Heap Roots: 0.1ms
[2024-03-18T11:18:17.998+0000][1.498s] GC(1)   Evacuate Collection Set: 6.1ms
[2024-03-18T11:18:17.998+0000][1.498s] GC(1)   Post Evacuate Collection Set: 0.7ms
[2024-03-18T11:18:17.998+0000][1.498s] GC(1)   Other: 1.4ms
[2024-03-18T11:18:17.998+0000][1.498s] GC(1) Eden regions: 55->0(64)
[2024-03-18T11:18:17.998+0000][1.499s] GC(1) Survivor regions: 4->8(8)
[2024-03-18T11:18:17.999+0000][1.499s] GC(1) Old regions: 1->9
[2024-03-18T11:18:17.999+0000][1.499s] GC(1) Archive regions: 2->2
[2024-03-18T11:18:17.999+0000][1.499s] GC(1) Humongous regions: 4->4
[2024-03-18T11:18:17.999+0000][1.499s] GC(1) Metaspace: 17785K(17984K)->17785K(17984K) NonClass: 15569K(15680K)->15569K(15680K) Class: 2215K(2304K)->2215K(2304K)
[2024-03-18T11:18:17.999+0000][1.499s] GC(1) Pause Young (Normal) (G1 Evacuation Pause) 64M->21M(512M) 9.454ms
[2024-03-18T11:18:17.999+0000][1.499s] GC(1) User=0.03s Sys=0.00s Real=0.01s
[2024-03-18T11:18:18.237+0000][1.737s] GC(2) Pause Young (Concurrent Start) (Metadata GC Threshold)
[2024-03-18T11:18:18.238+0000][1.738s] GC(2) Using 8 workers of 8 for evacuation
[2024-03-18T11:18:18.242+0000][1.742s] GC(2)   Pre Evacuate Collection Set: 0.1ms
[2024-03-18T11:18:18.242+0000][1.742s] GC(2)   Merge Heap Roots: 0.1ms
[2024-03-18T11:18:18.242+0000][1.742s] GC(2)   Evacuate Collection Set: 3.3ms
[2024-03-18T11:18:18.242+0000][1.742s] GC(2)   Post Evacuate Collection Set: 0.5ms
[2024-03-18T11:18:18.242+0000][1.742s] GC(2)   Other: 0.5ms
[2024-03-18T11:18:18.243+0000][1.743s] GC(2) Eden regions: 31->0(77)
[2024-03-18T11:18:18.243+0000][1.743s] GC(2) Survivor regions: 8->3(9)
[2024-03-18T11:18:18.243+0000][1.743s] GC(2) Old regions: 9->17
[2024-03-18T11:18:18.243+0000][1.743s] GC(2) Archive regions: 2->2
[2024-03-18T11:18:18.243+0000][1.743s] GC(2) Humongous regions: 4->4
[2024-03-18T11:18:18.243+0000][1.743s] GC(2) Metaspace: 21158K(21504K)->21158K(21504K) NonClass: 18529K(18688K)->18529K(18688K) Class: 2628K(2816K)->2628K(2816K)
[2024-03-18T11:18:18.243+0000][1.743s] GC(2) Pause Young (Concurrent Start) (Metadata GC Threshold) 52M->24M(512M) 5.679ms
[2024-03-18T11:18:18.243+0000][1.743s] GC(2) User=0.01s Sys=0.00s Real=0.00s
[2024-03-18T11:18:18.243+0000][1.743s] GC(3) Concurrent Mark Cycle
[2024-03-18T11:18:18.244+0000][1.744s] GC(3) Concurrent Clear Claimed Marks
[2024-03-18T11:18:18.244+0000][1.744s] GC(3) Concurrent Clear Claimed Marks 0.236ms
[2024-03-18T11:18:18.244+0000][1.744s] GC(3) Concurrent Scan Root Regions
[2024-03-18T11:18:18.246+0000][1.746s] GC(3) Concurrent Scan Root Regions 1.843ms
[2024-03-18T11:18:18.246+0000][1.746s] GC(3) Concurrent Mark
[2024-03-18T11:18:18.246+0000][1.746s] GC(3) Concurrent Mark From Roots
[2024-03-18T11:18:18.246+0000][1.746s] GC(3) Using 2 workers of 2 for marking
[2024-03-18T11:18:18.254+0000][1.754s] GC(3) Concurrent Mark From Roots 8.067ms
[2024-03-18T11:18:18.254+0000][1.754s] GC(3) Concurrent Preclean
[2024-03-18T11:18:18.255+0000][1.755s] GC(3) Concurrent Preclean 0.132ms
[2024-03-18T11:18:18.255+0000][1.755s] GC(3) Pause Remark
[2024-03-18T11:18:18.257+0000][1.757s] GC(3) Pause Remark 24M->24M(512M) 2.289ms
[2024-03-18T11:18:18.257+0000][1.757s] GC(3) User=0.01s Sys=0.00s Real=0.01s
[2024-03-18T11:18:18.257+0000][1.757s] GC(3) Concurrent Mark 11.443ms
[2024-03-18T11:18:18.258+0000][1.758s] GC(3) Concurrent Rebuild Remembered Sets
[2024-03-18T11:18:18.258+0000][1.758s] GC(3) Concurrent Rebuild Remembered Sets 0.144ms
[2024-03-18T11:18:18.258+0000][1.758s] GC(3) Pause Cleanup
[2024-03-18T11:18:18.258+0000][1.758s] GC(3) Pause Cleanup 24M->24M(512M) 0.129ms
[2024-03-18T11:18:18.258+0000][1.758s] GC(3) User=0.00s Sys=0.00s Real=0.00s
[2024-03-18T11:18:18.258+0000][1.758s] GC(3) Concurrent Cleanup for Next Mark
[2024-03-18T11:18:18.259+0000][1.759s] GC(3) Concurrent Cleanup for Next Mark 1.003ms
[2024-03-18T11:18:18.259+0000][1.760s] GC(3) Concurrent Mark Cycle 16.218ms
[2024-03-18T11:18:19.164+0000][2.664s] GC(4) Pause Young (Normal) (G1 Evacuation Pause)
[2024-03-18T11:18:19.164+0000][2.664s] GC(4) Using 8 workers of 8 for evacuation
[2024-03-18T11:18:19.170+0000][2.670s] GC(4)   Pre Evacuate Collection Set: 0.1ms
[2024-03-18T11:18:19.170+0000][2.670s] GC(4)   Merge Heap Roots: 0.1ms
[2024-03-18T11:18:19.170+0000][2.670s] GC(4)   Evacuate Collection Set: 4.1ms
[2024-03-18T11:18:19.170+0000][2.670s] GC(4)   Post Evacuate Collection Set: 1.0ms
[2024-03-18T11:18:19.170+0000][2.670s] GC(4)   Other: 0.5ms
[2024-03-18T11:18:19.170+0000][2.670s] GC(4) Eden regions: 77->0(300)
[2024-03-18T11:18:19.170+0000][2.670s] GC(4) Survivor regions: 3->7(10)
[2024-03-18T11:18:19.170+0000][2.670s] GC(4) Old regions: 17->17
[2024-03-18T11:18:19.170+0000][2.670s] GC(4) Archive regions: 2->2
[2024-03-18T11:18:19.170+0000][2.670s] GC(4) Humongous regions: 4->4
[2024-03-18T11:18:19.171+0000][2.671s] GC(4) Metaspace: 33562K(33920K)->33562K(33920K) NonClass: 29357K(29568K)->29357K(29568K) Class: 4204K(4352K)->4204K(4352K)
[2024-03-18T11:18:19.171+0000][2.671s] GC(4) Pause Young (Normal) (G1 Evacuation Pause) 101M->28M(512M) 6.819ms
[2024-03-18T11:18:19.171+0000][2.671s] GC(4) User=0.03s Sys=0.00s Real=0.01s
[2024-03-18T11:18:19.389+0000][2.889s] GC(5) Pause Young (Concurrent Start) (Metadata GC Threshold)
[2024-03-18T11:18:19.390+0000][2.890s] GC(5) Using 8 workers of 8 for evacuation
[2024-03-18T11:18:19.400+0000][2.900s] GC(5)   Pre Evacuate Collection Set: 0.1ms
[2024-03-18T11:18:19.401+0000][2.901s] GC(5)   Merge Heap Roots: 0.1ms
[2024-03-18T11:18:19.401+0000][2.901s] GC(5)   Evacuate Collection Set: 9.8ms
[2024-03-18T11:18:19.401+0000][2.901s] GC(5)   Post Evacuate Collection Set: 0.7ms
[2024-03-18T11:18:19.401+0000][2.901s] GC(5)   Other: 0.6ms
[2024-03-18T11:18:19.401+0000][2.901s] GC(5) Eden regions: 19->0(298)
[2024-03-18T11:18:19.401+0000][2.901s] GC(5) Survivor regions: 7->9(39)
[2024-03-18T11:18:19.401+0000][2.901s] GC(5) Old regions: 17->17
[2024-03-18T11:18:19.401+0000][2.901s] GC(5) Archive regions: 2->2
[2024-03-18T11:18:19.402+0000][2.902s] GC(5) Humongous regions: 4->4
[2024-03-18T11:18:19.402+0000][2.902s] GC(5) Metaspace: 35606K(35968K)->35606K(35968K) NonClass: 31121K(31296K)->31121K(31296K) Class: 4485K(4672K)->4485K(4672K)
[2024-03-18T11:18:19.402+0000][2.902s] GC(5) Pause Young (Concurrent Start) (Metadata GC Threshold) 47M->29M(512M) 12.652ms
[2024-03-18T11:18:19.402+0000][2.902s] GC(5) User=0.04s Sys=0.00s Real=0.01s
[2024-03-18T11:18:19.402+0000][2.902s] GC(6) Concurrent Mark Cycle
[2024-03-18T11:18:19.402+0000][2.902s] GC(6) Concurrent Clear Claimed Marks
[2024-03-18T11:18:19.402+0000][2.903s] GC(6) Concurrent Clear Claimed Marks 0.216ms
[2024-03-18T11:18:19.403+0000][2.903s] GC(6) Concurrent Scan Root Regions
[2024-03-18T11:18:19.407+0000][2.907s] GC(6) Concurrent Scan Root Regions 4.302ms
[2024-03-18T11:18:19.407+0000][2.907s] GC(6) Concurrent Mark
[2024-03-18T11:18:19.407+0000][2.907s] GC(6) Concurrent Mark From Roots
[2024-03-18T11:18:19.407+0000][2.907s] GC(6) Using 2 workers of 2 for marking
[2024-03-18T11:18:19.427+0000][2.927s] GC(6) Concurrent Mark From Roots 19.508ms
[2024-03-18T11:18:19.427+0000][2.927s] GC(6) Concurrent Preclean
[2024-03-18T11:18:19.427+0000][2.927s] GC(6) Concurrent Preclean 0.238ms
[2024-03-18T11:18:19.428+0000][2.928s] GC(6) Pause Remark
[2024-03-18T11:18:19.431+0000][2.931s] GC(6) Pause Remark 32M->32M(512M) 3.398ms
[2024-03-18T11:18:19.431+0000][2.931s] GC(6) User=0.00s Sys=0.00s Real=0.00s
[2024-03-18T11:18:19.435+0000][2.935s] GC(6) Concurrent Mark 27.695ms
[2024-03-18T11:18:19.435+0000][2.935s] GC(6) Concurrent Rebuild Remembered Sets
[2024-03-18T11:18:19.449+0000][2.949s] GC(6) Concurrent Rebuild Remembered Sets 13.421ms
[2024-03-18T11:18:19.449+0000][2.949s] GC(6) Pause Cleanup
[2024-03-18T11:18:19.449+0000][2.949s] GC(6) Pause Cleanup 34M->34M(512M) 0.244ms
[2024-03-18T11:18:19.449+0000][2.949s] GC(6) User=0.00s Sys=0.00s Real=0.00s
[2024-03-18T11:18:19.449+0000][2.949s] GC(6) Concurrent Cleanup for Next Mark
[2024-03-18T11:18:19.451+0000][2.951s] GC(6) Concurrent Cleanup for Next Mark 1.758ms
[2024-03-18T11:18:19.451+0000][2.951s] GC(6) Concurrent Mark Cycle 49.280ms
[2024-03-18T11:19:24.771+0000][68.271s] Heap
[2024-03-18T11:19:24.771+0000][68.271s]  garbage-first heap   total 524288K, used 189914K [0x00000000e0000000, 0x0000000100000000)
[2024-03-18T11:19:24.771+0000][68.271s]   region size 1024K, 165 young (168960K), 9 survivors (9216K)
[2024-03-18T11:19:24.771+0000][68.271s]  Metaspace       used 51151K, committed 51648K, reserved 1114112K
[2024-03-18T11:19:24.771+0000][68.271s]   class space    used 6621K, committed 6848K, reserved 1048576K
