[2024-03-18T13:25:02.057+0000][0.057s] Using G1
[2024-03-18T13:25:02.304+0000][0.304s] Version: 17.0.10+7 (release)
[2024-03-18T13:25:02.313+0000][0.313s] CPUs: 8 total, 8 available
[2024-03-18T13:25:02.324+0000][0.324s] Memory: 7874M
[2024-03-18T13:25:02.339+0000][0.340s] Large Page Support: Disabled
[2024-03-18T13:25:02.355+0000][0.355s] NUMA Support: Disabled
[2024-03-18T13:25:02.360+0000][0.361s] Compressed Oops: Enabled (32-bit)
[2024-03-18T13:25:02.374+0000][0.374s] Heap Region Size: 1M
[2024-03-18T13:25:02.375+0000][0.375s] Heap Min Capacity: 512M
[2024-03-18T13:25:02.376+0000][0.376s] Heap Initial Capacity: 512M
[2024-03-18T13:25:02.381+0000][0.381s] Heap Max Capacity: 512M
[2024-03-18T13:25:02.381+0000][0.382s] Pre-touch: Enabled
[2024-03-18T13:25:02.382+0000][0.382s] Parallel Workers: 8
[2024-03-18T13:25:02.382+0000][0.382s] Concurrent Workers: 2
[2024-03-18T13:25:02.382+0000][0.382s] Concurrent Refinement Workers: 8
[2024-03-18T13:25:02.382+0000][0.382s] Periodic GC: Disabled
[2024-03-18T13:25:02.390+0000][0.391s] CDS archive(s) mapped at: [0x00007f94db000000-0x00007f94dba5f000-0x00007f94dba5f000), size 10874880, SharedBaseAddress: 0x00007f94db000000, ArchiveRelocationMode: 1.
[2024-03-18T13:25:02.393+0000][0.393s] Compressed class space mapped at: 0x00007f94dc000000-0x00007f951c000000, reserved size: 1073741824
[2024-03-18T13:25:02.393+0000][0.393s] Narrow klass base: 0x00007f94db000000, Narrow klass shift: 0, Narrow klass range: 0x100000000
[2024-03-18T13:25:05.920+0000][3.920s] GC(0) Pause Young (Normal) (G1 Evacuation Pause)
[2024-03-18T13:25:05.928+0000][3.928s] GC(0) Using 8 workers of 8 for evacuation
[2024-03-18T13:25:05.937+0000][3.937s] GC(0)   Pre Evacuate Collection Set: 0.2ms
[2024-03-18T13:25:05.940+0000][3.940s] GC(0)   Merge Heap Roots: 0.1ms
[2024-03-18T13:25:05.940+0000][3.940s] GC(0)   Evacuate Collection Set: 8.3ms
[2024-03-18T13:25:05.940+0000][3.940s] GC(0)   Post Evacuate Collection Set: 0.6ms
[2024-03-18T13:25:05.940+0000][3.941s] GC(0)   Other: 8.0ms
[2024-03-18T13:25:05.940+0000][3.941s] GC(0) Eden regions: 29->0(57)
[2024-03-18T13:25:05.941+0000][3.941s] GC(0) Survivor regions: 0->4(4)
[2024-03-18T13:25:05.941+0000][3.941s] GC(0) Old regions: 0->1
[2024-03-18T13:25:05.941+0000][3.941s] GC(0) Archive regions: 2->2
[2024-03-18T13:25:05.941+0000][3.941s] GC(0) Humongous regions: 0->0
[2024-03-18T13:25:05.941+0000][3.941s] GC(0) Metaspace: 10063K(10368K)->10063K(10368K) NonClass: 8806K(8960K)->8806K(8960K) Class: 1256K(1408K)->1256K(1408K)
[2024-03-18T13:25:05.941+0000][3.941s] GC(0) Pause Young (Normal) (G1 Evacuation Pause) 29M->5M(512M) 20.842ms
[2024-03-18T13:25:05.941+0000][3.941s] GC(0) User=0.02s Sys=0.00s Real=0.02s
[2024-03-18T13:25:08.430+0000][6.430s] GC(1) Pause Young (Normal) (G1 Evacuation Pause)
[2024-03-18T13:25:08.430+0000][6.430s] GC(1) Using 8 workers of 8 for evacuation
[2024-03-18T13:25:08.484+0000][6.484s] GC(1)   Pre Evacuate Collection Set: 0.1ms
[2024-03-18T13:25:08.484+0000][6.485s] GC(1)   Merge Heap Roots: 0.1ms
[2024-03-18T13:25:08.484+0000][6.485s] GC(1)   Evacuate Collection Set: 52.6ms
[2024-03-18T13:25:08.485+0000][6.485s] GC(1)   Post Evacuate Collection Set: 1.1ms
[2024-03-18T13:25:08.485+0000][6.485s] GC(1)   Other: 0.6ms
[2024-03-18T13:25:08.485+0000][6.485s] GC(1) Eden regions: 52->0(64)
[2024-03-18T13:25:08.485+0000][6.485s] GC(1) Survivor regions: 4->7(7)
[2024-03-18T13:25:08.485+0000][6.485s] GC(1) Old regions: 1->10
[2024-03-18T13:25:08.485+0000][6.485s] GC(1) Archive regions: 2->2
[2024-03-18T13:25:08.485+0000][6.485s] GC(1) Humongous regions: 4->4
[2024-03-18T13:25:08.485+0000][6.485s] GC(1) Metaspace: 17903K(18112K)->17903K(18112K) NonClass: 15687K(15808K)->15687K(15808K) Class: 2215K(2304K)->2215K(2304K)
[2024-03-18T13:25:08.485+0000][6.485s] GC(1) Pause Young (Normal) (G1 Evacuation Pause) 61M->20M(512M) 55.515ms
[2024-03-18T13:25:08.485+0000][6.485s] GC(1) User=0.05s Sys=0.00s Real=0.06s
[2024-03-18T13:25:09.743+0000][7.743s] GC(2) Pause Young (Concurrent Start) (Metadata GC Threshold)
[2024-03-18T13:25:09.751+0000][7.751s] GC(2) Using 8 workers of 8 for evacuation
[2024-03-18T13:25:09.777+0000][7.777s] GC(2)   Pre Evacuate Collection Set: 0.1ms
[2024-03-18T13:25:09.786+0000][7.786s] GC(2)   Merge Heap Roots: 0.1ms
[2024-03-18T13:25:09.786+0000][7.786s] GC(2)   Evacuate Collection Set: 25.2ms
[2024-03-18T13:25:09.786+0000][7.787s] GC(2)   Post Evacuate Collection Set: 0.7ms
[2024-03-18T13:25:09.787+0000][7.787s] GC(2)   Other: 8.5ms
[2024-03-18T13:25:09.787+0000][7.787s] GC(2) Eden regions: 34->0(86)
[2024-03-18T13:25:09.787+0000][7.787s] GC(2) Survivor regions: 7->3(9)
[2024-03-18T13:25:09.787+0000][7.787s] GC(2) Old regions: 10->17
[2024-03-18T13:25:09.787+0000][7.787s] GC(2) Archive regions: 2->2
[2024-03-18T13:25:09.787+0000][7.787s] GC(2) Humongous regions: 4->4
[2024-03-18T13:25:09.787+0000][7.787s] GC(2) Metaspace: 21161K(21504K)->21161K(21504K) NonClass: 18543K(18688K)->18543K(18688K) Class: 2617K(2816K)->2617K(2816K)
[2024-03-18T13:25:09.787+0000][7.787s] GC(2) Pause Young (Concurrent Start) (Metadata GC Threshold) 54M->23M(512M) 44.423ms
[2024-03-18T13:25:09.787+0000][7.787s] GC(2) User=0.07s Sys=0.00s Real=0.05s
[2024-03-18T13:25:09.787+0000][7.788s] GC(3) Concurrent Mark Cycle
[2024-03-18T13:25:09.788+0000][7.788s] GC(3) Concurrent Clear Claimed Marks
[2024-03-18T13:25:09.788+0000][7.788s] GC(3) Concurrent Clear Claimed Marks 0.101ms
[2024-03-18T13:25:09.788+0000][7.788s] GC(3) Concurrent Scan Root Regions
[2024-03-18T13:25:09.806+0000][7.806s] GC(3) Concurrent Scan Root Regions 18.599ms
[2024-03-18T13:25:09.813+0000][7.813s] GC(3) Concurrent Mark
[2024-03-18T13:25:09.818+0000][7.818s] GC(3) Concurrent Mark From Roots
[2024-03-18T13:25:09.820+0000][7.820s] GC(3) Using 2 workers of 2 for marking
[2024-03-18T13:25:09.832+0000][7.832s] GC(3) Concurrent Mark From Roots 13.793ms
[2024-03-18T13:25:09.840+0000][7.840s] GC(3) Concurrent Preclean
[2024-03-18T13:25:09.853+0000][7.854s] GC(3) Concurrent Preclean 13.443ms
[2024-03-18T13:25:09.864+0000][7.864s] GC(3) Pause Remark
[2024-03-18T13:25:09.872+0000][7.872s] GC(3) Pause Remark 25M->25M(512M) 7.685ms
[2024-03-18T13:25:09.872+0000][7.872s] GC(3) User=0.01s Sys=0.00s Real=0.00s
[2024-03-18T13:25:09.872+0000][7.872s] GC(3) Concurrent Mark 59.130ms
[2024-03-18T13:25:09.873+0000][7.873s] GC(3) Concurrent Rebuild Remembered Sets
[2024-03-18T13:25:09.879+0000][7.879s] GC(3) Concurrent Rebuild Remembered Sets 5.974ms
[2024-03-18T13:25:09.893+0000][7.893s] GC(3) Pause Cleanup
[2024-03-18T13:25:09.894+0000][7.894s] GC(3) Pause Cleanup 26M->26M(512M) 0.421ms
[2024-03-18T13:25:09.894+0000][7.894s] GC(3) User=0.00s Sys=0.00s Real=0.00s
[2024-03-18T13:25:09.894+0000][7.894s] GC(3) Concurrent Cleanup for Next Mark
[2024-03-18T13:25:09.896+0000][7.896s] GC(3) Concurrent Cleanup for Next Mark 1.788ms
[2024-03-18T13:25:09.896+0000][7.896s] GC(3) Concurrent Mark Cycle 108.775ms
[2024-03-18T13:25:15.113+0000][13.113s] GC(4) Pause Young (Normal) (G1 Evacuation Pause)
[2024-03-18T13:25:15.113+0000][13.114s] GC(4) Using 8 workers of 8 for evacuation
[2024-03-18T13:25:15.180+0000][13.180s] GC(4)   Pre Evacuate Collection Set: 0.2ms
[2024-03-18T13:25:15.181+0000][13.181s] GC(4)   Merge Heap Roots: 0.1ms
[2024-03-18T13:25:15.181+0000][13.181s] GC(4)   Evacuate Collection Set: 56.6ms
[2024-03-18T13:25:15.181+0000][13.181s] GC(4)   Post Evacuate Collection Set: 9.6ms
[2024-03-18T13:25:15.181+0000][13.181s] GC(4)   Other: 0.5ms
[2024-03-18T13:25:15.181+0000][13.181s] GC(4) Eden regions: 86->0(299)
[2024-03-18T13:25:15.181+0000][13.181s] GC(4) Survivor regions: 3->8(12)
[2024-03-18T13:25:15.181+0000][13.182s] GC(4) Old regions: 17->17
[2024-03-18T13:25:15.181+0000][13.182s] GC(4) Archive regions: 2->2
[2024-03-18T13:25:15.182+0000][13.182s] GC(4) Humongous regions: 4->4
[2024-03-18T13:25:15.182+0000][13.182s] GC(4) Metaspace: 34364K(34752K)->34364K(34752K) NonClass: 30056K(30272K)->30056K(30272K) Class: 4308K(4480K)->4308K(4480K)
[2024-03-18T13:25:15.182+0000][13.182s] GC(4) Pause Young (Normal) (G1 Evacuation Pause) 109M->28M(512M) 68.475ms
[2024-03-18T13:25:15.182+0000][13.182s] GC(4) User=0.07s Sys=0.01s Real=0.06s
[2024-03-18T13:25:15.934+0000][13.934s] GC(5) Pause Young (Concurrent Start) (Metadata GC Threshold)
[2024-03-18T13:25:15.935+0000][13.935s] GC(5) Using 8 workers of 8 for evacuation
[2024-03-18T13:25:15.975+0000][13.975s] GC(5)   Pre Evacuate Collection Set: 17.9ms
[2024-03-18T13:25:15.985+0000][13.985s] GC(5)   Merge Heap Roots: 0.1ms
[2024-03-18T13:25:15.986+0000][13.986s] GC(5)   Evacuate Collection Set: 19.8ms
[2024-03-18T13:25:15.993+0000][13.993s] GC(5)   Post Evacuate Collection Set: 1.6ms
[2024-03-18T13:25:16.001+0000][14.002s] GC(5)   Other: 1.0ms
[2024-03-18T13:25:16.009+0000][14.010s] GC(5) Eden regions: 14->0(299)
[2024-03-18T13:25:16.010+0000][14.010s] GC(5) Survivor regions: 8->8(39)
[2024-03-18T13:25:16.010+0000][14.010s] GC(5) Old regions: 17->17
[2024-03-18T13:25:16.010+0000][14.010s] GC(5) Archive regions: 2->2
[2024-03-18T13:25:16.010+0000][14.010s] GC(5) Humongous regions: 4->4
[2024-03-18T13:25:16.010+0000][14.010s] GC(5) Metaspace: 35782K(36160K)->35782K(36160K) NonClass: 31290K(31424K)->31290K(31424K) Class: 4492K(4736K)->4492K(4736K)
[2024-03-18T13:25:16.010+0000][14.010s] GC(5) Pause Young (Concurrent Start) (Metadata GC Threshold) 41M->28M(512M) 75.948ms
[2024-03-18T13:25:16.010+0000][14.010s] GC(5) User=0.02s Sys=0.00s Real=0.07s
[2024-03-18T13:25:16.010+0000][14.011s] GC(6) Concurrent Mark Cycle
[2024-03-18T13:25:16.011+0000][14.011s] GC(6) Concurrent Clear Claimed Marks
[2024-03-18T13:25:16.011+0000][14.011s] GC(6) Concurrent Clear Claimed Marks 0.109ms
[2024-03-18T13:25:16.011+0000][14.011s] GC(6) Concurrent Scan Root Regions
[2024-03-18T13:25:16.017+0000][14.017s] GC(6) Concurrent Scan Root Regions 6.412ms
[2024-03-18T13:25:16.022+0000][14.022s] GC(6) Concurrent Mark
[2024-03-18T13:25:16.032+0000][14.033s] GC(6) Concurrent Mark From Roots
[2024-03-18T13:25:16.033+0000][14.033s] GC(6) Using 2 workers of 2 for marking
[2024-03-18T13:25:16.090+0000][14.090s] GC(6) Concurrent Mark From Roots 57.673ms
[2024-03-18T13:25:16.090+0000][14.091s] GC(6) Concurrent Preclean
[2024-03-18T13:25:16.091+0000][14.091s] GC(6) Concurrent Preclean 0.195ms
[2024-03-18T13:25:16.157+0000][14.157s] GC(6) Pause Remark
[2024-03-18T13:25:16.162+0000][14.163s] GC(6) Pause Remark 30M->30M(512M) 5.370ms
[2024-03-18T13:25:16.173+0000][14.173s] GC(6) User=0.01s Sys=0.01s Real=0.02s
[2024-03-18T13:25:16.183+0000][14.183s] GC(6) Concurrent Mark 160.763ms
[2024-03-18T13:25:16.183+0000][14.183s] GC(6) Concurrent Rebuild Remembered Sets
[2024-03-18T13:25:16.208+0000][14.208s] GC(6) Concurrent Rebuild Remembered Sets 24.249ms
[2024-03-18T13:25:16.224+0000][14.224s] GC(6) Pause Cleanup
[2024-03-18T13:25:16.225+0000][14.225s] GC(6) Pause Cleanup 31M->31M(512M) 1.190ms
[2024-03-18T13:25:16.226+0000][14.226s] GC(6) User=0.00s Sys=0.00s Real=0.00s
[2024-03-18T13:25:16.230+0000][14.230s] GC(6) Concurrent Cleanup for Next Mark
[2024-03-18T13:25:16.234+0000][14.234s] GC(6) Concurrent Cleanup for Next Mark 4.683ms
[2024-03-18T13:25:16.235+0000][14.235s] GC(6) Concurrent Mark Cycle 224.106ms
[2024-03-18T13:33:54.561+0000][532.564s] Heap
[2024-03-18T13:33:54.561+0000][532.564s]  garbage-first heap   total 524288K, used 219129K [0x00000000e0000000, 0x0000000100000000)
[2024-03-18T13:33:54.561+0000][532.564s]   region size 1024K, 194 young (198656K), 8 survivors (8192K)
[2024-03-18T13:33:54.561+0000][532.564s]  Metaspace       used 54238K, committed 54720K, reserved 1114112K
[2024-03-18T13:33:54.562+0000][532.564s]   class space    used 7039K, committed 7232K, reserved 1048576K
