[2024-03-18T13:08:15.272+0000][0.019s] Using G1
[2024-03-18T13:08:15.405+0000][0.152s] Version: 17.0.10+7 (release)
[2024-03-18T13:08:15.410+0000][0.157s] CPUs: 8 total, 8 available
[2024-03-18T13:08:15.410+0000][0.157s] Memory: 7874M
[2024-03-18T13:08:15.412+0000][0.159s] Large Page Support: Disabled
[2024-03-18T13:08:15.412+0000][0.159s] NUMA Support: Disabled
[2024-03-18T13:08:15.412+0000][0.159s] Compressed Oops: Enabled (32-bit)
[2024-03-18T13:08:15.412+0000][0.159s] Heap Region Size: 1M
[2024-03-18T13:08:15.413+0000][0.160s] Heap Min Capacity: 512M
[2024-03-18T13:08:15.416+0000][0.163s] Heap Initial Capacity: 512M
[2024-03-18T13:08:15.422+0000][0.169s] Heap Max Capacity: 512M
[2024-03-18T13:08:15.424+0000][0.171s] Pre-touch: Enabled
[2024-03-18T13:08:15.424+0000][0.171s] Parallel Workers: 8
[2024-03-18T13:08:15.425+0000][0.172s] Concurrent Workers: 2
[2024-03-18T13:08:15.425+0000][0.172s] Concurrent Refinement Workers: 8
[2024-03-18T13:08:15.426+0000][0.173s] Periodic GC: Disabled
[2024-03-18T13:08:15.448+0000][0.195s] CDS archive(s) mapped at: [0x00007fbb37000000-0x00007fbb37a5f000-0x00007fbb37a5f000), size 10874880, SharedBaseAddress: 0x00007fbb37000000, ArchiveRelocationMode: 1.
[2024-03-18T13:08:15.449+0000][0.196s] Compressed class space mapped at: 0x00007fbb38000000-0x00007fbb78000000, reserved size: 1073741824
[2024-03-18T13:08:15.449+0000][0.196s] Narrow klass base: 0x00007fbb37000000, Narrow klass shift: 0, Narrow klass range: 0x100000000
[2024-03-18T13:08:17.914+0000][2.661s] GC(0) Pause Young (Normal) (G1 Evacuation Pause)
[2024-03-18T13:08:17.915+0000][2.662s] GC(0) Using 8 workers of 8 for evacuation
[2024-03-18T13:08:17.930+0000][2.677s] GC(0)   Pre Evacuate Collection Set: 0.1ms
[2024-03-18T13:08:17.934+0000][2.681s] GC(0)   Merge Heap Roots: 0.0ms
[2024-03-18T13:08:17.934+0000][2.681s] GC(0)   Evacuate Collection Set: 14.5ms
[2024-03-18T13:08:17.934+0000][2.681s] GC(0)   Post Evacuate Collection Set: 0.6ms
[2024-03-18T13:08:17.935+0000][2.681s] GC(0)   Other: 0.9ms
[2024-03-18T13:08:17.935+0000][2.682s] GC(0) Eden regions: 29->0(50)
[2024-03-18T13:08:17.935+0000][2.682s] GC(0) Survivor regions: 0->4(4)
[2024-03-18T13:08:17.935+0000][2.682s] GC(0) Old regions: 0->1
[2024-03-18T13:08:17.939+0000][2.686s] GC(0) Archive regions: 2->2
[2024-03-18T13:08:17.939+0000][2.686s] GC(0) Humongous regions: 0->0
[2024-03-18T13:08:17.939+0000][2.686s] GC(0) Metaspace: 10066K(10368K)->10066K(10368K) NonClass: 8809K(8960K)->8809K(8960K) Class: 1256K(1408K)->1256K(1408K)
[2024-03-18T13:08:17.939+0000][2.686s] GC(0) Pause Young (Normal) (G1 Evacuation Pause) 29M->5M(512M) 24.720ms
[2024-03-18T13:08:17.939+0000][2.686s] GC(0) User=0.01s Sys=0.00s Real=0.02s
[2024-03-18T13:08:19.815+0000][4.562s] GC(1) Pause Young (Normal) (G1 Evacuation Pause)
[2024-03-18T13:08:19.817+0000][4.564s] GC(1) Using 8 workers of 8 for evacuation
[2024-03-18T13:08:19.847+0000][4.593s] GC(1)   Pre Evacuate Collection Set: 0.1ms
[2024-03-18T13:08:19.847+0000][4.594s] GC(1)   Merge Heap Roots: 0.1ms
[2024-03-18T13:08:19.849+0000][4.596s] GC(1)   Evacuate Collection Set: 28.3ms
[2024-03-18T13:08:19.849+0000][4.596s] GC(1)   Post Evacuate Collection Set: 0.9ms
[2024-03-18T13:08:19.850+0000][4.596s] GC(1)   Other: 1.8ms
[2024-03-18T13:08:19.850+0000][4.597s] GC(1) Eden regions: 46->0(57)
[2024-03-18T13:08:19.850+0000][4.597s] GC(1) Survivor regions: 4->7(7)
[2024-03-18T13:08:19.850+0000][4.597s] GC(1) Old regions: 1->9
[2024-03-18T13:08:19.850+0000][4.597s] GC(1) Archive regions: 2->2
[2024-03-18T13:08:19.850+0000][4.597s] GC(1) Humongous regions: 4->4
[2024-03-18T13:08:19.850+0000][4.597s] GC(1) Metaspace: 17825K(18048K)->17825K(18048K) NonClass: 15610K(15744K)->15610K(15744K) Class: 2215K(2304K)->2215K(2304K)
[2024-03-18T13:08:19.850+0000][4.597s] GC(1) Pause Young (Normal) (G1 Evacuation Pause) 55M->20M(512M) 34.714ms
[2024-03-18T13:08:19.850+0000][4.597s] GC(1) User=0.05s Sys=0.00s Real=0.03s
[2024-03-18T13:08:20.922+0000][5.669s] GC(2) Pause Young (Concurrent Start) (Metadata GC Threshold)
[2024-03-18T13:08:20.922+0000][5.669s] GC(2) Using 8 workers of 8 for evacuation
[2024-03-18T13:08:20.935+0000][5.682s] GC(2)   Pre Evacuate Collection Set: 0.1ms
[2024-03-18T13:08:20.939+0000][5.686s] GC(2)   Merge Heap Roots: 0.1ms
[2024-03-18T13:08:20.939+0000][5.686s] GC(2)   Evacuate Collection Set: 11.3ms
[2024-03-18T13:08:20.939+0000][5.686s] GC(2)   Post Evacuate Collection Set: 0.6ms
[2024-03-18T13:08:20.940+0000][5.686s] GC(2)   Other: 1.1ms
[2024-03-18T13:08:20.940+0000][5.687s] GC(2) Eden regions: 39->0(78)
[2024-03-18T13:08:20.940+0000][5.687s] GC(2) Survivor regions: 7->4(8)
[2024-03-18T13:08:20.944+0000][5.691s] GC(2) Old regions: 9->16
[2024-03-18T13:08:20.948+0000][5.695s] GC(2) Archive regions: 2->2
[2024-03-18T13:08:20.948+0000][5.695s] GC(2) Humongous regions: 4->4
[2024-03-18T13:08:20.948+0000][5.695s] GC(2) Metaspace: 21177K(21504K)->21177K(21504K) NonClass: 18549K(18688K)->18549K(18688K) Class: 2628K(2816K)->2628K(2816K)
[2024-03-18T13:08:20.948+0000][5.695s] GC(2) Pause Young (Concurrent Start) (Metadata GC Threshold) 59M->24M(512M) 26.715ms
[2024-03-18T13:08:20.948+0000][5.695s] GC(2) User=0.01s Sys=0.00s Real=0.03s
[2024-03-18T13:08:20.949+0000][5.696s] GC(3) Concurrent Mark Cycle
[2024-03-18T13:08:20.949+0000][5.696s] GC(3) Concurrent Clear Claimed Marks
[2024-03-18T13:08:20.953+0000][5.700s] GC(3) Concurrent Clear Claimed Marks 3.261ms
[2024-03-18T13:08:20.958+0000][5.705s] GC(3) Concurrent Scan Root Regions
[2024-03-18T13:08:20.966+0000][5.713s] GC(3) Concurrent Scan Root Regions 8.344ms
[2024-03-18T13:08:20.967+0000][5.713s] GC(3) Concurrent Mark
[2024-03-18T13:08:20.967+0000][5.714s] GC(3) Concurrent Mark From Roots
[2024-03-18T13:08:20.967+0000][5.714s] GC(3) Using 2 workers of 2 for marking
[2024-03-18T13:08:20.993+0000][5.740s] GC(3) Concurrent Mark From Roots 26.430ms
[2024-03-18T13:08:20.995+0000][5.742s] GC(3) Concurrent Preclean
[2024-03-18T13:08:20.995+0000][5.742s] GC(3) Concurrent Preclean 0.278ms
[2024-03-18T13:08:20.995+0000][5.742s] GC(3) Pause Remark
[2024-03-18T13:08:21.007+0000][5.754s] GC(3) Pause Remark 25M->25M(512M) 11.815ms
[2024-03-18T13:08:21.007+0000][5.754s] GC(3) User=0.00s Sys=0.00s Real=0.01s
[2024-03-18T13:08:21.008+0000][5.755s] GC(3) Concurrent Mark 41.034ms
[2024-03-18T13:08:21.008+0000][5.755s] GC(3) Concurrent Rebuild Remembered Sets
[2024-03-18T13:08:21.019+0000][5.766s] GC(3) Concurrent Rebuild Remembered Sets 11.725ms
[2024-03-18T13:08:21.022+0000][5.769s] GC(3) Pause Cleanup
[2024-03-18T13:08:21.023+0000][5.770s] GC(3) Pause Cleanup 26M->26M(512M) 0.472ms
[2024-03-18T13:08:21.025+0000][5.772s] GC(3) User=0.00s Sys=0.00s Real=0.01s
[2024-03-18T13:08:21.028+0000][5.775s] GC(3) Concurrent Cleanup for Next Mark
[2024-03-18T13:08:21.029+0000][5.776s] GC(3) Concurrent Cleanup for Next Mark 1.237ms
[2024-03-18T13:08:21.029+0000][5.776s] GC(3) Concurrent Mark Cycle 80.481ms
[2024-03-18T13:08:24.097+0000][8.844s] GC(4) Pause Young (Prepare Mixed) (G1 Evacuation Pause)
[2024-03-18T13:08:24.100+0000][8.847s] GC(4) Using 8 workers of 8 for evacuation
[2024-03-18T13:08:24.171+0000][8.918s] GC(4)   Pre Evacuate Collection Set: 0.1ms
[2024-03-18T13:08:24.184+0000][8.931s] GC(4)   Merge Heap Roots: 0.1ms
[2024-03-18T13:08:24.186+0000][8.933s] GC(4)   Evacuate Collection Set: 53.7ms
[2024-03-18T13:08:24.186+0000][8.933s] GC(4)   Post Evacuate Collection Set: 16.6ms
[2024-03-18T13:08:24.186+0000][8.933s] GC(4)   Other: 3.2ms
[2024-03-18T13:08:24.186+0000][8.933s] GC(4) Eden regions: 78->0(18)
[2024-03-18T13:08:24.186+0000][8.933s] GC(4) Survivor regions: 4->7(11)
[2024-03-18T13:08:24.186+0000][8.933s] GC(4) Old regions: 16->16
[2024-03-18T13:08:24.186+0000][8.933s] GC(4) Archive regions: 2->2
[2024-03-18T13:08:24.187+0000][8.933s] GC(4) Humongous regions: 4->4
[2024-03-18T13:08:24.187+0000][8.934s] GC(4) Metaspace: 32222K(32576K)->32222K(32576K) NonClass: 28214K(28416K)->28214K(28416K) Class: 4007K(4160K)->4007K(4160K)
[2024-03-18T13:08:24.187+0000][8.934s] GC(4) Pause Young (Prepare Mixed) (G1 Evacuation Pause) 102M->27M(512M) 89.616ms
[2024-03-18T13:08:24.188+0000][8.935s] GC(4) User=0.04s Sys=0.00s Real=0.09s
[2024-03-18T13:08:25.624+0000][10.371s] GC(5) Pause Young (Mixed) (G1 Evacuation Pause)
[2024-03-18T13:08:25.635+0000][10.382s] GC(5) Using 8 workers of 8 for evacuation
[2024-03-18T13:08:25.715+0000][10.462s] GC(5)   Pre Evacuate Collection Set: 0.1ms
[2024-03-18T13:08:25.715+0000][10.462s] GC(5)   Merge Heap Roots: 0.1ms
[2024-03-18T13:08:25.715+0000][10.462s] GC(5)   Evacuate Collection Set: 29.7ms
[2024-03-18T13:08:25.716+0000][10.462s] GC(5)   Post Evacuate Collection Set: 40.9ms
[2024-03-18T13:08:25.716+0000][10.463s] GC(5)   Other: 20.0ms
[2024-03-18T13:08:25.716+0000][10.463s] GC(5) Eden regions: 18->0(305)
[2024-03-18T13:08:25.716+0000][10.463s] GC(5) Survivor regions: 7->2(4)
[2024-03-18T13:08:25.716+0000][10.463s] GC(5) Old regions: 16->23
[2024-03-18T13:08:25.716+0000][10.463s] GC(5) Archive regions: 2->2
[2024-03-18T13:08:25.716+0000][10.463s] GC(5) Humongous regions: 4->4
[2024-03-18T13:08:25.716+0000][10.463s] GC(5) Metaspace: 34575K(34944K)->34575K(34944K) NonClass: 30224K(30400K)->30224K(30400K) Class: 4351K(4544K)->4351K(4544K)
[2024-03-18T13:08:25.716+0000][10.463s] GC(5) Pause Young (Mixed) (G1 Evacuation Pause) 45M->29M(512M) 92.068ms
[2024-03-18T13:08:25.716+0000][10.463s] GC(5) User=0.07s Sys=0.00s Real=0.09s
[2024-03-18T13:08:26.119+0000][10.866s] GC(6) Pause Young (Concurrent Start) (Metadata GC Threshold)
[2024-03-18T13:08:26.120+0000][10.867s] GC(6) Using 8 workers of 8 for evacuation
[2024-03-18T13:08:26.129+0000][10.875s] GC(6)   Pre Evacuate Collection Set: 0.2ms
[2024-03-18T13:08:26.131+0000][10.878s] GC(6)   Merge Heap Roots: 0.1ms
[2024-03-18T13:08:26.131+0000][10.878s] GC(6)   Evacuate Collection Set: 4.2ms
[2024-03-18T13:08:26.132+0000][10.879s] GC(6)   Post Evacuate Collection Set: 1.7ms
[2024-03-18T13:08:26.133+0000][10.880s] GC(6)   Other: 3.7ms
[2024-03-18T13:08:26.135+0000][10.882s] GC(6) Eden regions: 10->0(304)
[2024-03-18T13:08:26.135+0000][10.882s] GC(6) Survivor regions: 2->3(39)
[2024-03-18T13:08:26.135+0000][10.882s] GC(6) Old regions: 23->23
[2024-03-18T13:08:26.135+0000][10.882s] GC(6) Archive regions: 2->2
[2024-03-18T13:08:26.135+0000][10.882s] GC(6) Humongous regions: 4->4
[2024-03-18T13:08:26.135+0000][10.882s] GC(6) Metaspace: 35819K(36160K)->35819K(36160K) NonClass: 31287K(31424K)->31287K(31424K) Class: 4532K(4736K)->4532K(4736K)
[2024-03-18T13:08:26.136+0000][10.883s] GC(6) Pause Young (Concurrent Start) (Metadata GC Threshold) 39M->29M(512M) 16.839ms
[2024-03-18T13:08:26.136+0000][10.883s] GC(6) User=0.01s Sys=0.00s Real=0.02s
[2024-03-18T13:08:26.136+0000][10.883s] GC(7) Concurrent Mark Cycle
[2024-03-18T13:08:26.136+0000][10.883s] GC(7) Concurrent Clear Claimed Marks
[2024-03-18T13:08:26.136+0000][10.883s] GC(7) Concurrent Clear Claimed Marks 0.129ms
[2024-03-18T13:08:26.136+0000][10.883s] GC(7) Concurrent Scan Root Regions
[2024-03-18T13:08:26.137+0000][10.884s] GC(7) Concurrent Scan Root Regions 1.168ms
[2024-03-18T13:08:26.137+0000][10.884s] GC(7) Concurrent Mark
[2024-03-18T13:08:26.138+0000][10.885s] GC(7) Concurrent Mark From Roots
[2024-03-18T13:08:26.138+0000][10.885s] GC(7) Using 2 workers of 2 for marking
[2024-03-18T13:08:26.206+0000][10.953s] GC(7) Concurrent Mark From Roots 68.463ms
[2024-03-18T13:08:26.214+0000][10.961s] GC(7) Concurrent Preclean
[2024-03-18T13:08:26.215+0000][10.962s] GC(7) Concurrent Preclean 0.953ms
[2024-03-18T13:08:26.221+0000][10.968s] GC(7) Pause Remark
[2024-03-18T13:08:26.242+0000][10.989s] GC(7) Pause Remark 31M->31M(512M) 20.537ms
[2024-03-18T13:08:26.243+0000][10.990s] GC(7) User=0.01s Sys=0.00s Real=0.02s
[2024-03-18T13:08:26.255+0000][11.002s] GC(7) Concurrent Mark 117.363ms
[2024-03-18T13:08:26.256+0000][11.003s] GC(7) Concurrent Rebuild Remembered Sets
[2024-03-18T13:08:26.287+0000][11.034s] GC(7) Concurrent Rebuild Remembered Sets 31.092ms
[2024-03-18T13:08:26.303+0000][11.050s] GC(7) Pause Cleanup
[2024-03-18T13:08:26.303+0000][11.050s] GC(7) Pause Cleanup 32M->32M(512M) 0.646ms
[2024-03-18T13:08:26.304+0000][11.050s] GC(7) User=0.00s Sys=0.00s Real=0.00s
[2024-03-18T13:08:26.304+0000][11.051s] GC(7) Concurrent Cleanup for Next Mark
[2024-03-18T13:08:26.305+0000][11.052s] GC(7) Concurrent Cleanup for Next Mark 1.179ms
[2024-03-18T13:08:26.306+0000][11.053s] GC(7) Concurrent Mark Cycle 170.448ms
[2024-03-18T13:10:08.525+0000][113.273s] Heap
[2024-03-18T13:10:08.526+0000][113.273s]  garbage-first heap   total 524288K, used 215721K [0x00000000e0000000, 0x0000000100000000)
[2024-03-18T13:10:08.526+0000][113.273s]   region size 1024K, 184 young (188416K), 3 survivors (3072K)
[2024-03-18T13:10:08.526+0000][113.274s]  Metaspace       used 53487K, committed 54016K, reserved 1114112K
[2024-03-18T13:10:08.526+0000][113.274s]   class space    used 6930K, committed 7168K, reserved 1048576K
