[2024-03-18T11:25:20.232+0000][0.012s] Using G1
[2024-03-18T11:25:20.278+0000][0.058s] Version: 17.0.10+7 (release)
[2024-03-18T11:25:20.278+0000][0.058s] CPUs: 8 total, 8 available
[2024-03-18T11:25:20.279+0000][0.058s] Memory: 7874M
[2024-03-18T11:25:20.279+0000][0.058s] Large Page Support: Disabled
[2024-03-18T11:25:20.279+0000][0.058s] NUMA Support: Disabled
[2024-03-18T11:25:20.279+0000][0.059s] Compressed Oops: Enabled (32-bit)
[2024-03-18T11:25:20.279+0000][0.059s] Heap Region Size: 1M
[2024-03-18T11:25:20.279+0000][0.059s] Heap Min Capacity: 512M
[2024-03-18T11:25:20.279+0000][0.059s] Heap Initial Capacity: 512M
[2024-03-18T11:25:20.279+0000][0.059s] Heap Max Capacity: 512M
[2024-03-18T11:25:20.280+0000][0.059s] Pre-touch: Enabled
[2024-03-18T11:25:20.280+0000][0.059s] Parallel Workers: 8
[2024-03-18T11:25:20.280+0000][0.059s] Concurrent Workers: 2
[2024-03-18T11:25:20.280+0000][0.059s] Concurrent Refinement Workers: 8
[2024-03-18T11:25:20.280+0000][0.059s] Periodic GC: Disabled
[2024-03-18T11:25:20.285+0000][0.064s] CDS archive(s) mapped at: [0x00007ff25f000000-0x00007ff25fa5f000-0x00007ff25fa5f000), size 10874880, SharedBaseAddress: 0x00007ff25f000000, ArchiveRelocationMode: 1.
[2024-03-18T11:25:20.286+0000][0.066s] Compressed class space mapped at: 0x00007ff260000000-0x00007ff2a0000000, reserved size: 1073741824
[2024-03-18T11:25:20.286+0000][0.066s] Narrow klass base: 0x00007ff25f000000, Narrow klass shift: 0, Narrow klass range: 0x100000000
[2024-03-18T11:25:20.997+0000][0.777s] GC(0) Pause Young (Normal) (G1 Evacuation Pause)
[2024-03-18T11:25:20.998+0000][0.777s] GC(0) Using 8 workers of 8 for evacuation
[2024-03-18T11:25:21.001+0000][0.781s] GC(0)   Pre Evacuate Collection Set: 0.1ms
[2024-03-18T11:25:21.001+0000][0.781s] GC(0)   Merge Heap Roots: 0.1ms
[2024-03-18T11:25:21.002+0000][0.781s] GC(0)   Evacuate Collection Set: 2.4ms
[2024-03-18T11:25:21.002+0000][0.781s] GC(0)   Post Evacuate Collection Set: 0.4ms
[2024-03-18T11:25:21.002+0000][0.781s] GC(0)   Other: 1.4ms
[2024-03-18T11:25:21.002+0000][0.781s] GC(0) Eden regions: 29->0(58)
[2024-03-18T11:25:21.002+0000][0.782s] GC(0) Survivor regions: 0->4(4)
[2024-03-18T11:25:21.002+0000][0.782s] GC(0) Old regions: 0->1
[2024-03-18T11:25:21.002+0000][0.782s] GC(0) Archive regions: 2->2
[2024-03-18T11:25:21.002+0000][0.782s] GC(0) Humongous regions: 0->0
[2024-03-18T11:25:21.002+0000][0.782s] GC(0) Metaspace: 9914K(10240K)->9914K(10240K) NonClass: 8665K(8832K)->8665K(8832K) Class: 1249K(1408K)->1249K(1408K)
[2024-03-18T11:25:21.002+0000][0.782s] GC(0) Pause Young (Normal) (G1 Evacuation Pause) 29M->5M(512M) 5.456ms
[2024-03-18T11:25:21.003+0000][0.782s] GC(0) User=0.02s Sys=0.01s Real=0.00s
[2024-03-18T11:25:21.521+0000][1.301s] GC(1) Pause Young (Normal) (G1 Evacuation Pause)
[2024-03-18T11:25:21.522+0000][1.301s] GC(1) Using 8 workers of 8 for evacuation
[2024-03-18T11:25:21.531+0000][1.311s] GC(1)   Pre Evacuate Collection Set: 0.1ms
[2024-03-18T11:25:21.531+0000][1.311s] GC(1)   Merge Heap Roots: 0.1ms
[2024-03-18T11:25:21.531+0000][1.311s] GC(1)   Evacuate Collection Set: 8.4ms
[2024-03-18T11:25:21.531+0000][1.311s] GC(1)   Post Evacuate Collection Set: 0.6ms
[2024-03-18T11:25:21.532+0000][1.311s] GC(1)   Other: 0.5ms
[2024-03-18T11:25:21.532+0000][1.311s] GC(1) Eden regions: 54->0(80)
[2024-03-18T11:25:21.532+0000][1.311s] GC(1) Survivor regions: 4->8(8)
[2024-03-18T11:25:21.532+0000][1.311s] GC(1) Old regions: 1->9
[2024-03-18T11:25:21.532+0000][1.312s] GC(1) Archive regions: 2->2
[2024-03-18T11:25:21.532+0000][1.312s] GC(1) Humongous regions: 4->4
[2024-03-18T11:25:21.532+0000][1.312s] GC(1) Metaspace: 17799K(18048K)->17799K(18048K) NonClass: 15583K(15744K)->15583K(15744K) Class: 2215K(2304K)->2215K(2304K)
[2024-03-18T11:25:21.532+0000][1.312s] GC(1) Pause Young (Normal) (G1 Evacuation Pause) 63M->21M(512M) 10.909ms
[2024-03-18T11:25:21.532+0000][1.312s] GC(1) User=0.05s Sys=0.00s Real=0.01s
[2024-03-18T11:25:21.778+0000][1.558s] GC(2) Pause Young (Concurrent Start) (Metadata GC Threshold)
[2024-03-18T11:25:21.778+0000][1.558s] GC(2) Using 8 workers of 8 for evacuation
[2024-03-18T11:25:21.784+0000][1.563s] GC(2)   Pre Evacuate Collection Set: 0.1ms
[2024-03-18T11:25:21.784+0000][1.563s] GC(2)   Merge Heap Roots: 0.1ms
[2024-03-18T11:25:21.784+0000][1.563s] GC(2)   Evacuate Collection Set: 4.4ms
[2024-03-18T11:25:21.784+0000][1.564s] GC(2)   Post Evacuate Collection Set: 0.5ms
[2024-03-18T11:25:21.784+0000][1.564s] GC(2)   Other: 0.5ms
[2024-03-18T11:25:21.784+0000][1.564s] GC(2) Eden regions: 32->0(107)
[2024-03-18T11:25:21.784+0000][1.564s] GC(2) Survivor regions: 8->8(11)
[2024-03-18T11:25:21.784+0000][1.564s] GC(2) Old regions: 9->12
[2024-03-18T11:25:21.784+0000][1.564s] GC(2) Archive regions: 2->2
[2024-03-18T11:25:21.784+0000][1.564s] GC(2) Humongous regions: 4->4
[2024-03-18T11:25:21.785+0000][1.564s] GC(2) Metaspace: 21136K(21504K)->21136K(21504K) NonClass: 18512K(18688K)->18512K(18688K) Class: 2623K(2816K)->2623K(2816K)
[2024-03-18T11:25:21.785+0000][1.564s] GC(2) Pause Young (Concurrent Start) (Metadata GC Threshold) 52M->23M(512M) 6.559ms
[2024-03-18T11:25:21.785+0000][1.564s] GC(2) User=0.03s Sys=0.00s Real=0.01s
[2024-03-18T11:25:21.785+0000][1.564s] GC(3) Concurrent Mark Cycle
[2024-03-18T11:25:21.785+0000][1.564s] GC(3) Concurrent Clear Claimed Marks
[2024-03-18T11:25:21.785+0000][1.565s] GC(3) Concurrent Clear Claimed Marks 0.119ms
[2024-03-18T11:25:21.785+0000][1.565s] GC(3) Concurrent Scan Root Regions
[2024-03-18T11:25:21.789+0000][1.568s] GC(3) Concurrent Scan Root Regions 3.703ms
[2024-03-18T11:25:21.789+0000][1.569s] GC(3) Concurrent Mark
[2024-03-18T11:25:21.789+0000][1.569s] GC(3) Concurrent Mark From Roots
[2024-03-18T11:25:21.789+0000][1.569s] GC(3) Using 2 workers of 2 for marking
[2024-03-18T11:25:21.798+0000][1.578s] GC(3) Concurrent Mark From Roots 8.740ms
[2024-03-18T11:25:21.798+0000][1.578s] GC(3) Concurrent Preclean
[2024-03-18T11:25:21.798+0000][1.578s] GC(3) Concurrent Preclean 0.145ms
[2024-03-18T11:25:21.799+0000][1.578s] GC(3) Pause Remark
[2024-03-18T11:25:21.800+0000][1.580s] GC(3) Pause Remark 24M->24M(512M) 1.767ms
[2024-03-18T11:25:21.801+0000][1.580s] GC(3) User=0.01s Sys=0.00s Real=0.00s
[2024-03-18T11:25:21.801+0000][1.580s] GC(3) Concurrent Mark 11.615ms
[2024-03-18T11:25:21.801+0000][1.580s] GC(3) Concurrent Rebuild Remembered Sets
[2024-03-18T11:25:21.804+0000][1.583s] GC(3) Concurrent Rebuild Remembered Sets 2.936ms
[2024-03-18T11:25:21.814+0000][1.594s] GC(3) Pause Cleanup
[2024-03-18T11:25:21.815+0000][1.594s] GC(3) Pause Cleanup 25M->25M(512M) 0.567ms
[2024-03-18T11:25:21.815+0000][1.594s] GC(3) User=0.01s Sys=0.00s Real=0.01s
[2024-03-18T11:25:21.815+0000][1.595s] GC(3) Concurrent Cleanup for Next Mark
[2024-03-18T11:25:21.817+0000][1.596s] GC(3) Concurrent Cleanup for Next Mark 1.289ms
[2024-03-18T11:25:21.817+0000][1.596s] GC(3) Concurrent Mark Cycle 32.030ms
[2024-03-18T11:25:23.068+0000][2.848s] GC(4) Pause Young (Concurrent Start) (Metadata GC Threshold)
[2024-03-18T11:25:23.069+0000][2.848s] GC(4) Using 8 workers of 8 for evacuation
[2024-03-18T11:25:23.078+0000][2.857s] GC(4)   Pre Evacuate Collection Set: 0.2ms
[2024-03-18T11:25:23.078+0000][2.858s] GC(4)   Merge Heap Roots: 0.1ms
[2024-03-18T11:25:23.078+0000][2.858s] GC(4)   Evacuate Collection Set: 6.2ms
[2024-03-18T11:25:23.078+0000][2.858s] GC(4)   Post Evacuate Collection Set: 2.4ms
[2024-03-18T11:25:23.078+0000][2.858s] GC(4)   Other: 0.4ms
[2024-03-18T11:25:23.078+0000][2.858s] GC(4) Eden regions: 99->0(293)
[2024-03-18T11:25:23.078+0000][2.858s] GC(4) Survivor regions: 8->14(15)
[2024-03-18T11:25:23.078+0000][2.858s] GC(4) Old regions: 12->12
[2024-03-18T11:25:23.079+0000][2.858s] GC(4) Archive regions: 2->2
[2024-03-18T11:25:23.079+0000][2.858s] GC(4) Humongous regions: 4->4
[2024-03-18T11:25:23.079+0000][2.858s] GC(4) Metaspace: 35666K(36096K)->35666K(36096K) NonClass: 31169K(31360K)->31169K(31360K) Class: 4496K(4736K)->4496K(4736K)
[2024-03-18T11:25:23.079+0000][2.858s] GC(4) Pause Young (Concurrent Start) (Metadata GC Threshold) 122M->29M(512M) 10.398ms
[2024-03-18T11:25:23.079+0000][2.858s] GC(4) User=0.03s Sys=0.00s Real=0.01s
[2024-03-18T11:25:23.079+0000][2.859s] GC(5) Concurrent Mark Cycle
[2024-03-18T11:25:23.079+0000][2.859s] GC(5) Concurrent Clear Claimed Marks
[2024-03-18T11:25:23.079+0000][2.859s] GC(5) Concurrent Clear Claimed Marks 0.125ms
[2024-03-18T11:25:23.079+0000][2.859s] GC(5) Concurrent Scan Root Regions
[2024-03-18T11:25:23.082+0000][2.862s] GC(5) Concurrent Scan Root Regions 2.869ms
[2024-03-18T11:25:23.082+0000][2.862s] GC(5) Concurrent Mark
[2024-03-18T11:25:23.083+0000][2.862s] GC(5) Concurrent Mark From Roots
[2024-03-18T11:25:23.083+0000][2.862s] GC(5) Using 2 workers of 2 for marking
[2024-03-18T11:25:23.096+0000][2.875s] GC(5) Concurrent Mark From Roots 12.946ms
[2024-03-18T11:25:23.096+0000][2.876s] GC(5) Concurrent Preclean
[2024-03-18T11:25:23.097+0000][2.877s] GC(5) Concurrent Preclean 0.687ms
[2024-03-18T11:25:23.105+0000][2.885s] GC(5) Pause Remark
[2024-03-18T11:25:23.108+0000][2.887s] GC(5) Pause Remark 30M->30M(512M) 2.131ms
[2024-03-18T11:25:23.109+0000][2.889s] GC(5) User=0.01s Sys=0.00s Real=0.00s
[2024-03-18T11:25:23.112+0000][2.892s] GC(5) Concurrent Mark 29.865ms
[2024-03-18T11:25:23.113+0000][2.892s] GC(5) Concurrent Rebuild Remembered Sets
[2024-03-18T11:25:23.118+0000][2.898s] GC(5) Concurrent Rebuild Remembered Sets 5.737ms
[2024-03-18T11:25:23.126+0000][2.905s] GC(5) Pause Cleanup
[2024-03-18T11:25:23.126+0000][2.905s] GC(5) Pause Cleanup 31M->31M(512M) 0.336ms
[2024-03-18T11:25:23.127+0000][2.907s] GC(5) User=0.00s Sys=0.00s Real=0.00s
[2024-03-18T11:25:23.127+0000][2.907s] GC(5) Concurrent Cleanup for Next Mark
[2024-03-18T11:25:23.129+0000][2.908s] GC(5) Concurrent Cleanup for Next Mark 1.363ms
[2024-03-18T11:25:23.131+0000][2.910s] GC(5) Concurrent Mark Cycle 51.629ms
[2024-03-18T11:42:53.128+0000][1052.912s] GC(6) Pause Young (Prepare Mixed) (G1 Evacuation Pause)
[2024-03-18T11:42:53.128+0000][1052.912s] GC(6) Using 8 workers of 8 for evacuation
[2024-03-18T11:42:53.193+0000][1052.977s] GC(6)   Pre Evacuate Collection Set: 0.4ms
[2024-03-18T11:42:53.193+0000][1052.977s] GC(6)   Merge Heap Roots: 0.2ms
[2024-03-18T11:42:53.193+0000][1052.977s] GC(6)   Evacuate Collection Set: 61.4ms
[2024-03-18T11:42:53.193+0000][1052.977s] GC(6)   Post Evacuate Collection Set: 2.0ms
[2024-03-18T11:42:53.193+0000][1052.977s] GC(6)   Other: 1.1ms
[2024-03-18T11:42:53.193+0000][1052.977s] GC(6) Eden regions: 293->0(1)
[2024-03-18T11:42:53.193+0000][1052.977s] GC(6) Survivor regions: 14->31(39)
[2024-03-18T11:42:53.193+0000][1052.977s] GC(6) Old regions: 12->12
[2024-03-18T11:42:53.193+0000][1052.977s] GC(6) Archive regions: 2->2
[2024-03-18T11:42:53.193+0000][1052.977s] GC(6) Humongous regions: 4->4
[2024-03-18T11:42:53.193+0000][1052.978s] GC(6) Metaspace: 56239K(56832K)->56239K(56832K) NonClass: 49008K(49280K)->49008K(49280K) Class: 7231K(7552K)->7231K(7552K)
[2024-03-18T11:42:53.193+0000][1052.978s] GC(6) Pause Young (Prepare Mixed) (G1 Evacuation Pause) 322M->46M(512M) 65.509ms
[2024-03-18T11:42:53.194+0000][1052.978s] GC(6) User=0.49s Sys=0.01s Real=0.07s
[2024-03-18T11:42:53.216+0000][1053.000s] GC(7) Pause Young (Mixed) (G1 Evacuation Pause)
[2024-03-18T11:42:53.216+0000][1053.001s] GC(7) Using 8 workers of 8 for evacuation
[2024-03-18T11:42:53.239+0000][1053.023s] GC(7)   Pre Evacuate Collection Set: 0.1ms
[2024-03-18T11:42:53.239+0000][1053.023s] GC(7)   Merge Heap Roots: 0.1ms
[2024-03-18T11:42:53.240+0000][1053.024s] GC(7)   Evacuate Collection Set: 21.1ms
[2024-03-18T11:42:53.240+0000][1053.024s] GC(7)   Post Evacuate Collection Set: 1.1ms
[2024-03-18T11:42:53.240+0000][1053.024s] GC(7)   Other: 0.3ms
[2024-03-18T11:42:53.240+0000][1053.024s] GC(7) Eden regions: 1->0(303)
[2024-03-18T11:42:53.240+0000][1053.024s] GC(7) Survivor regions: 31->4(4)
[2024-03-18T11:42:53.240+0000][1053.024s] GC(7) Old regions: 12->41
[2024-03-18T11:42:53.240+0000][1053.024s] GC(7) Archive regions: 2->2
[2024-03-18T11:42:53.240+0000][1053.024s] GC(7) Humongous regions: 4->4
[2024-03-18T11:42:53.240+0000][1053.025s] GC(7) Metaspace: 56243K(56832K)->56243K(56832K) NonClass: 49012K(49280K)->49012K(49280K) Class: 7231K(7552K)->7231K(7552K)
[2024-03-18T11:42:53.240+0000][1053.025s] GC(7) Pause Young (Mixed) (G1 Evacuation Pause) 47M->49M(512M) 24.207ms
[2024-03-18T11:42:53.241+0000][1053.025s] GC(7) User=0.17s Sys=0.00s Real=0.03s
[2024-03-18T11:51:18.457+0000][1558.243s] Heap
[2024-03-18T11:51:18.457+0000][1558.243s]  garbage-first heap   total 524288K, used 109891K [0x00000000e0000000, 0x0000000100000000)
[2024-03-18T11:51:18.457+0000][1558.243s]   region size 1024K, 62 young (63488K), 4 survivors (4096K)
[2024-03-18T11:51:18.457+0000][1558.243s]  Metaspace       used 57160K, committed 57664K, reserved 1114112K
[2024-03-18T11:51:18.457+0000][1558.243s]   class space    used 7357K, committed 7616K, reserved 1048576K
